
[Incubating] Problems report is available at: file:///D:/mcmodDemo/NekoJS-mult-t35/build/reports/problems/problems-report.html

FAILURE: Build failed with an exception.

* Where:
Initialization script 'D:\mcmodDemo\NekoJS\.gradle-perf02\init.d\perf-net-reorder.gradle' line: 38

* What went wrong:
Groovy DSL script compilation problem
  Could not compile initialization script 'D:\mcmodDemo\NekoJS\.gradle-perf02\init.d\perf-net-reorder.gradle'.
    Location: D:\mcmodDemo\NekoJS\.gradle-perf02\init.d\perf-net-reorder.gradle line 38
> startup failed:
  initialization script 'D:\mcmodDemo\NekoJS\.gradle-perf02\init.d\perf-net-reorder.gradle': 38: Unexpected character: '\'' @ line 38, column 47.
     content { includeGroupByRegex 'dev\.kiku
                                   ^
  
  1 error


* Try:
> Run with --stacktrace option to get the stack trace.
> Run with --info or --debug option to get more log output.
> Run with --scan to get full insights from a Build Scan (powered by Develocity).
> Get more help at https://help.gradle.org.

BUILD FAILED in 1s
EXIT=1
