Running Stonecutter 0.9.7
> Task :buildSrc:checkKotlinGradlePluginConfigurationErrors SKIPPED
> Task :buildSrc:generateExternalPluginSpecBuilders
> Task :buildSrc:extractPrecompiledScriptPluginPlugins
> Task :buildSrc:generateScriptPluginAdapters
> Task :buildSrc:pluginDescriptors
> Task :buildSrc:processResources
> Task :buildSrc:compilePluginsBlocks
> Task :buildSrc:generatePrecompiledScriptPluginAccessors
> Task :buildSrc:compileKotlin
> Task :buildSrc:compileJava NO-SOURCE
> Task :buildSrc:compileGroovy NO-SOURCE
> Task :buildSrc:classes
> Task :buildSrc:jar

FAILURE: Build failed with an exception.

* Where:
Build file 'D:\mcmodDemo\NekoJS-mult-t35\stonecutter.gradle.kts' line: 3

* What went wrong:
Plugin [id: 'net.fabricmc.fabric-loom', version: '1.17.20', apply: false] was not found in any of the following sources:

- Gradle Core Plugins (plugin is not in 'org.gradle' namespace)
- Included Builds (No included builds contain this plugin)
- Plugin Repositories (could not resolve plugin artifact 'net.fabricmc.fabric-loom:net.fabricmc.fabric-loom.gradle.plugin:1.17.20')
  Searched in the following repositories:
    Gradle Central Plugin Repository
    MavenRepo
    maven(https://maven.neoforged.net/releases)
    maven2(https://maven.fabricmc.net/)
    maven3(https://maven.kikugie.dev/releases)

* Try:
> Run with --stacktrace option to get the stack trace.
> Run with --info or --debug option to get more log output.
> Run with --scan to get full insights from a Build Scan (powered by Develocity).
> Get more help at https://help.gradle.org.

BUILD FAILED in 1m 2s
9 actionable tasks: 9 executed
EXIT=1
