Running Stonecutter 0.9.7
> Task :buildSrc:checkKotlinGradlePluginConfigurationErrors SKIPPED
> Task :buildSrc:generateExternalPluginSpecBuilders FAILED

FAILURE: Build failed with an exception.

* What went wrong:
Execution failed for task ':buildSrc:generateExternalPluginSpecBuilders' (registered by plugin class 'org.gradle.kotlin.dsl.plugins.precompiled.PrecompiledScriptPlugins').
> Error while evaluating property 'pluginEntries' of task ':buildSrc:generateExternalPluginSpecBuilders'.
   > Could not resolve all files for configuration ':buildSrc:compileClasspath'.
      > Could not resolve dev.kikugie.loom-back-compat:dev.kikugie.loom-back-compat.gradle.plugin:0.4.2.
        Required by:
            project ':buildSrc'
         > Could not resolve dev.kikugie.loom-back-compat:dev.kikugie.loom-back-compat.gradle.plugin:0.4.2.
            > Could not get resource 'https://maven.neoforged.net/releases/dev/kikugie/loom-back-compat/dev.kikugie.loom-back-compat.gradle.plugin/0.4.2/dev.kikugie.loom-back-compat.gradle.plugin-0.4.2.pom'.
               > Could not GET 'https://maven.neoforged.net/releases/dev/kikugie/loom-back-compat/dev.kikugie.loom-back-compat.gradle.plugin/0.4.2/dev.kikugie.loom-back-compat.gradle.plugin-0.4.2.pom'.
                  > Got socket exception during request. It might be caused by SSL misconfiguration
                     > Connection reset

* Try:
> Run with --stacktrace option to get the stack trace.
> Run with --info or --debug option to get more log output.
> Run with --scan to get full insights from a Build Scan (powered by Develocity).
> Get more help at https://help.gradle.org.

BUILD FAILED in 8s
1 actionable task: 1 executed
EXIT=1
