Downloading https://services.gradle.org/distributions/gradle-9.6.0-bin.zip
.............10%.............20%..............30%.............40%..............50%.............60%.............70%..............80%.............90%..............100%
WARNING: A restricted method in java.lang.System has been called
WARNING: java.lang.System::load has been called by net.rubygrapefruit.platform.internal.NativeLibraryLoader in an unnamed module (file:/root/.gradle/wrapper/dists/gradle-9.6.0-bin/42k10rwplmzkhuboz9kdazi7s/gradle-9.6.0/lib/native-platform-0.22-milestone-29.jar)
WARNING: Use --enable-native-access=ALL-UNNAMED to avoid a warning for callers in this module
WARNING: Restricted methods will be blocked in a future release unless native access is enabled


Welcome to Gradle 9.6.0!

Here are the highlights of this release:
 - Improved Configuration Cache hit rates
 - Additional CLI rendering options
 - Important project hierarchy lookup deprecations

For more details see https://docs.gradle.org/9.6.0/release-notes.html

To honour the JVM settings for this build a single-use Daemon process will be forked. For more on this, please refer to https://docs.gradle.org/9.6.0/userguide/gradle_daemon.html#sec:disabling_the_daemon in the Gradle documentation.
Daemon will be stopped at the end of the build 
Running Stonecutter 0.9.7
> Task :buildSrc:checkKotlinGradlePluginConfigurationErrors SKIPPED
> Task :buildSrc:generateExternalPluginSpecBuilders
> Task :buildSrc:extractPrecompiledScriptPluginPlugins
> Task :buildSrc:generateScriptPluginAdapters
> Task :buildSrc:pluginDescriptors
> Task :buildSrc:processResources
> Task :buildSrc:compilePluginsBlocks
> Task :buildSrc:generatePrecompiledScriptPluginAccessors
> Task :buildSrc:compileKotlin
> Task :buildSrc:compileJava NO-SOURCE
> Task :buildSrc:compileGroovy NO-SOURCE
> Task :buildSrc:classes
> Task :buildSrc:jar

> Configure project :
w: file:///ws/stonecutter.gradle.kts:52:13: 'fun replace(direct: Pair<String, String>, reverse: Pair<String, String>): Unit' is deprecated. Use the comma-separated version.
w: file:///ws/stonecutter.gradle.kts:53:13: 'fun replace(direct: Pair<String, String>, reverse: Pair<String, String>): Unit' is deprecated. Use the comma-separated version.
w: file:///ws/stonecutter.gradle.kts:54:13: 'fun replace(direct: Pair<String, String>, reverse: Pair<String, String>): Unit' is deprecated. Use the comma-separated version.
w: file:///ws/stonecutter.gradle.kts:58:13: 'fun replace(direct: Pair<String, String>, reverse: Pair<String, String>): Unit' is deprecated. Use the comma-separated version.
w: file:///ws/stonecutter.gradle.kts:59:13: 'fun replace(direct: Pair<String, String>, reverse: Pair<String, String>): Unit' is deprecated. Use the comma-separated version.
w: file:///ws/stonecutter.gradle.kts:63:13: 'fun replace(direct: Pair<String, String>, reverse: Pair<String, String>): Unit' is deprecated. Use the comma-separated version.

> Configure project :26.1.2
Parsed unknown MC version 26.1.2 from NeoForge version 26.1.2.71. Using capabilities of latest known Minecraft version 26.1-snapshot-2 with an updated Minecraft version.

> Configure project :26.1.2-fabric
Fabric Loom: 1.17.20

> Configure project :26.2.0
Parsed unknown MC version 26.2 from NeoForge version 26.2.0.57. Using capabilities of latest known Minecraft version 26.1-snapshot-2 with an updated Minecraft version.

> Configure project :26.2.0-fabric
Fabric Loom: 1.17.20

> Task :help

Welcome to Gradle 9.6.0.

To run a build, run gradlew <task> ...

To see a list of available tasks, run gradlew tasks

To see more detail about a task, run gradlew help --task <task>

To see a list of command-line options, run gradlew --help

For more detail on using Gradle, see https://docs.gradle.org/9.6.0/userguide/command_line_interface.html

For troubleshooting, visit https://help.gradle.org

[Incubating] Problems report is available at: file:///ws/build/reports/problems/problems-report.html

Deprecated Gradle features were used in this build, making it incompatible with Gradle 10.

You can use '--warning-mode all' to show the individual deprecation warnings and determine if they come from your own scripts or plugins.

For more on this, please refer to https://docs.gradle.org/9.6.0/userguide/command_line_interface.html#sec:command_line_warnings in the Gradle documentation.

BUILD SUCCESSFUL in 6m 57s
10 actionable tasks: 10 executed
