Running Stonecutter 0.9.7
> Task :buildSrc:checkKotlinGradlePluginConfigurationErrors SKIPPED
> Task :buildSrc:generateExternalPluginSpecBuilders UP-TO-DATE
> Task :buildSrc:extractPrecompiledScriptPluginPlugins UP-TO-DATE
> Task :buildSrc:compilePluginsBlocks UP-TO-DATE
> Task :buildSrc:generatePrecompiledScriptPluginAccessors UP-TO-DATE
> Task :buildSrc:generateScriptPluginAdapters UP-TO-DATE
> Task :buildSrc:compileKotlin UP-TO-DATE
> Task :buildSrc:compileJava NO-SOURCE
> Task :buildSrc:compileGroovy NO-SOURCE
> Task :buildSrc:pluginDescriptors UP-TO-DATE
> Task :buildSrc:processResources UP-TO-DATE
> Task :buildSrc:classes UP-TO-DATE
> Task :buildSrc:jar UP-TO-DATE

> Configure project :26.1.2
Parsed unknown MC version 26.1.2 from NeoForge version 26.1.2.71. Using capabilities of latest known Minecraft version 26.1-snapshot-2 with an updated Minecraft version.

> Configure project :26.1.2-fabric
Fabric Loom: 1.17.20

> Configure project :26.2.0
Parsed unknown MC version 26.2 from NeoForge version 26.2.0.57. Using capabilities of latest known Minecraft version 26.1-snapshot-2 with an updated Minecraft version.

> Configure project :26.2.0-fabric
Fabric Loom: 1.17.20
FINAL-RES :26.1.2-fabric:
  DIR D:\mcmodDemo\NekoJS\NekoJS-w0-baseline\NekoJS-mult\versions\26.1.2-fabric\src\main\resources
  DIR D:\mcmodDemo\NekoJS\NekoJS-w0-baseline\NekoJS-mult\versions\26.1.2-fabric\build\generated\stonecutter\main\resources
  DIR D:\mcmodDemo\NekoJS\NekoJS-w0-baseline\NekoJS-mult\versions\26.1.2-fabric\build\generated\sources\modMetadata
FINAL-JAVA :26.1.2-fabric:
  DIR D:\mcmodDemo\NekoJS\NekoJS-w0-baseline\NekoJS-mult\versions\26.1.2-fabric\src\main\java
  DIR D:\mcmodDemo\NekoJS\NekoJS-w0-baseline\NekoJS-mult\versions\26.1.2-fabric\build\generated\stonecutter\main\java
FINAL-RES :26.2.0-fabric:
  DIR D:\mcmodDemo\NekoJS\NekoJS-w0-baseline\NekoJS-mult\versions\26.2.0-fabric\src\main\resources
  DIR D:\mcmodDemo\NekoJS\NekoJS-w0-baseline\NekoJS-mult\versions\26.2.0-fabric\build\generated\stonecutter\main\resources
  DIR D:\mcmodDemo\NekoJS\NekoJS-w0-baseline\NekoJS-mult\versions\26.1.2-fabric\src\main\resources
  DIR D:\mcmodDemo\NekoJS\NekoJS-w0-baseline\NekoJS-mult\versions\26.2.0-fabric\build\generated\sources\modMetadata
FINAL-JAVA :26.2.0-fabric:
  DIR D:\mcmodDemo\NekoJS\NekoJS-w0-baseline\NekoJS-mult\versions\26.2.0-fabric\src\main\java
  DIR D:\mcmodDemo\NekoJS\NekoJS-w0-baseline\NekoJS-mult\versions\26.2.0-fabric\build\generated\stonecutter\main\java
  DIR D:\mcmodDemo\NekoJS\NekoJS-w0-baseline\NekoJS-mult\versions\26.1.2-fabric\src\main\java

> Task :help

Welcome to Gradle 9.6.0.

To run a build, run gradlew <task> ...

To see a list of available tasks, run gradlew tasks

To see more detail about a task, run gradlew help --task <task>

To see a list of command-line options, run gradlew --help

For more detail on using Gradle, see https://docs.gradle.org/9.6.0/userguide/command_line_interface.html

For troubleshooting, visit https://help.gradle.org

[Incubating] Problems report is available at: file:///D:/mcmodDemo/NekoJS/NekoJS-w0-baseline/NekoJS-mult/build/reports/problems/problems-report.html

Deprecated Gradle features were used in this build, making it incompatible with Gradle 10.

You can use '--warning-mode all' to show the individual deprecation warnings and determine if they come from your own scripts or plugins.

For more on this, please refer to https://docs.gradle.org/9.6.0/userguide/command_line_interface.html#sec:command_line_warnings in the Gradle documentation.

BUILD SUCCESSFUL in 3s
10 actionable tasks: 1 executed, 9 up-to-date
