Running Stonecutter 0.9.7
> Task :buildSrc:checkKotlinGradlePluginConfigurationErrors SKIPPED
> Task :buildSrc:generateExternalPluginSpecBuilders UP-TO-DATE
> Task :buildSrc:extractPrecompiledScriptPluginPlugins UP-TO-DATE
> Task :buildSrc:compilePluginsBlocks UP-TO-DATE
> Task :buildSrc:generatePrecompiledScriptPluginAccessors UP-TO-DATE
> Task :buildSrc:generateScriptPluginAdapters UP-TO-DATE
> Task :buildSrc:compileKotlin UP-TO-DATE
> Task :buildSrc:compileJava NO-SOURCE
> Task :buildSrc:compileGroovy NO-SOURCE
> Task :buildSrc:pluginDescriptors UP-TO-DATE
> Task :buildSrc:processResources UP-TO-DATE
> Task :buildSrc:classes UP-TO-DATE
> Task :buildSrc:jar UP-TO-DATE

> Configure project :26.1.2
Parsed unknown MC version 26.1.2 from NeoForge version 26.1.2.71. Using capabilities of latest known Minecraft version 26.1-snapshot-2 with an updated Minecraft version.

> Configure project :26.1.2-fabric
Fabric Loom: 1.17.20

> Configure project :26.2.0
Parsed unknown MC version 26.2 from NeoForge version 26.2.0.57. Using capabilities of latest known Minecraft version 26.1-snapshot-2 with an updated Minecraft version.

> Configure project :26.2.0-fabric
Fabric Loom: 1.17.20

> Task :common:javaToolchains

 + Options
     | Auto-detection:     Enabled
     | Auto-download:      Enabled

 + Azul Zulu JDK 8 (1.8.0_502-b07)
     | Location:           C:\Program Files\Zulu\zulu-8
     | Language Version:   8
     | Vendor:             Azul Zulu
     | Architecture:       amd64
     | Is JDK:             true
     | Detected by:        Windows Registry

 + Eclipse Temurin JDK 8 (1.8.0_492-b09)
     | Location:           C:\Users\11515\.gradle\jdks\temurin-8-amd64-windows.2
     | Language Version:   8
     | Vendor:             Eclipse Temurin
     | Architecture:       amd64
     | Is JDK:             true
     | Detected by:        Auto-provisioned by Gradle

 + Eclipse Temurin JDK 17 (17.0.20.1+1)
     | Location:           C:\Users\11515\.gradle\jdks\eclipse_adoptium-17-amd64-windows.2
     | Language Version:   17
     | Vendor:             Eclipse Temurin
     | Architecture:       amd64
     | Is JDK:             true
     | Detected by:        Auto-provisioned by Gradle

 + Oracle JDK 21 (21.0.10+8-LTS-217)
     | Location:           C:\Program Files\Java\jdk-21.0.10
     | Language Version:   21
     | Vendor:             Oracle
     | Architecture:       amd64
     | Is JDK:             true
     | Detected by:        Windows Registry

 + Azul Zulu JDK 25 (25.0.3+9-LTS)
     | Location:           C:\Program Files\Zulu\zulu-25
     | Language Version:   25
     | Vendor:             Azul Zulu
     | Architecture:       amd64
     | Is JDK:             true
     | Detected by:        Windows Registry

 + Oracle JDK 25 (25.0.2+10-LTS-69)
     | Location:           C:\Program Files\Java\jdk-25.0.2
     | Language Version:   25
     | Vendor:             Oracle
     | Architecture:       amd64
     | Is JDK:             true
     | Detected by:        Current JVM


[Incubating] Problems report is available at: file:///D:/mcmodDemo/NekoJS/NekoJS-w0-baseline/NekoJS-mult/build/reports/problems/problems-report.html

Deprecated Gradle features were used in this build, making it incompatible with Gradle 10.

You can use '--warning-mode all' to show the individual deprecation warnings and determine if they come from your own scripts or plugins.

For more on this, please refer to https://docs.gradle.org/9.6.0/userguide/command_line_interface.html#sec:command_line_warnings in the Gradle documentation.

BUILD SUCCESSFUL in 3s
10 actionable tasks: 1 executed, 9 up-to-date
