Running Stonecutter 0.9.7
> Task :buildSrc:checkKotlinGradlePluginConfigurationErrors SKIPPED
> Task :buildSrc:generateExternalPluginSpecBuilders FROM-CACHE
> Task :buildSrc:extractPrecompiledScriptPluginPlugins FROM-CACHE
> Task :buildSrc:compilePluginsBlocks FROM-CACHE
> Task :buildSrc:generatePrecompiledScriptPluginAccessors FROM-CACHE
> Task :buildSrc:generateScriptPluginAdapters FROM-CACHE
> Task :buildSrc:compileKotlin FROM-CACHE
> Task :buildSrc:compileJava NO-SOURCE
> Task :buildSrc:compileGroovy NO-SOURCE
> Task :buildSrc:pluginDescriptors
> Task :buildSrc:processResources
> Task :buildSrc:classes
> Task :buildSrc:jar

> Configure project :26.1.2
Parsed unknown MC version 26.1.2 from NeoForge version 26.1.2.71. Using capabilities of latest known Minecraft version 26.1-snapshot-2 with an updated Minecraft version.

> Configure project :26.1.2-fabric
Fabric Loom: 1.17.20

> Configure project :26.2.0
Parsed unknown MC version 26.2 from NeoForge version 26.2.0.57. Using capabilities of latest known Minecraft version 26.1-snapshot-2 with an updated Minecraft version.

> Configure project :26.2.0-fabric
Fabric Loom: 1.17.20

> Task :26.2.0-fabric:stonecutterPrepare
> Task :26.1.2-fabric:stonecutterPrepare
> Task :26.2.0-fabric:stonecutterGenerate
> Task :26.1.2-fabric:stonecutterGenerate
> Task :common:compileJava FROM-CACHE
> Task :common:processResources
> Task :common:classes
> Task :common:jar
> Task :26.2.0-fabric:extractIcuClasses
> Task :26.1.2-fabric:extractIcuClasses
> Task :26.1.2-fabric:compileJava FROM-CACHE
> Task :26.2.0-fabric:compileJava FROM-CACHE
> Task :26.2.0-fabric:generateModMetadata
> Task :26.1.2-fabric:generateModMetadata
> Task :26.1.2-fabric:processResources
> Task :26.1.2-fabric:classes
> Task :26.2.0-fabric:processResources
> Task :26.2.0-fabric:classes
> Task :26.2.0-fabric:processIncludeJars
> Task :26.1.2-fabric:processIncludeJars
> Task :26.1.2-fabric:jar
> Task :26.1.2-fabric:stonecutterPrepareTest
> Task :26.1.2-fabric:assemble
> Task :26.2.0-fabric:stonecutterPrepareTest
> Task :26.2.0-fabric:jar
> Task :26.1.2-fabric:stonecutterGenerateTest
> Task :26.2.0-fabric:stonecutterGenerateTest
> Task :26.2.0-fabric:assemble
> Task :26.1.2-fabric:compileTestJava FROM-CACHE
> Task :26.1.2-fabric:processTestResources
> Task :26.1.2-fabric:testClasses

> Task :26.2.0-fabric:compileTestJava
D:\mcmodDemo\NekoJS\.worktrees\t31\NekoJS-mult\versions\26.2.0-fabric\build\generated\stonecutter\test\java\com\tkisor\nekojs\bindings\static_access\BindingHelpersTest.java:52: 警告: [try] 不能在相应的 try 语句的正文中引用可自动结束的资源context
        try (Context context = Context.newBuilder().build()) {
                     ^
D:\mcmodDemo\NekoJS\.worktrees\t31\NekoJS-mult\versions\26.2.0-fabric\build\generated\stonecutter\test\java\com\tkisor\nekojs\bindings\static_access\BindingHelpersTest.java:62: 警告: [try] 不能在相应的 try 语句的正文中引用可自动结束的资源context
        try (Context context = Context.newBuilder().build()) {
                     ^
2 个警告

WARNING: A terminally deprecated method in sun.misc.Unsafe has been called
WARNING: sun.misc.Unsafe::objectFieldOffset has been called by org.joml.MemUtil$MemUtilUnsafe (file:/C:/Users/11515/.gradle/caches/modules-2/files-2.1/org.joml/joml/1.10.8/fc0a71dad90a2cf41d82a76156a0e700af8e4f8d/joml-1.10.8.jar)
WARNING: Please consider reporting this to the maintainers of class org.joml.MemUtil$MemUtilUnsafe
WARNING: sun.misc.Unsafe::objectFieldOffset will be removed in a future release

> Task :26.2.0-fabric:processTestResources
> Task :26.2.0-fabric:testClasses
WARNING: A restricted method in java.lang.System has been called
WARNING: java.lang.System::load has been called by com.oracle.truffle.polyglot.JDKSupport in an unnamed module (file:/C:/Users/11515/.gradle/caches/modules-2/files-2.1/curse.maven/graal-1504336/8762963/dd59af0c156c118b9aae5893e38127c1c709d401/graal-1504336-8762963.jar)
WARNING: Use --enable-native-access=ALL-UNNAMED to avoid a warning for callers in this module
WARNING: Restricted methods will be blocked in a future release unless native access is enabled

> Task :26.1.2-fabric:test
WARNING: A terminally deprecated method in sun.misc.Unsafe has been called
WARNING: sun.misc.Unsafe::objectFieldOffset has been called by org.joml.MemUtil$MemUtilUnsafe (file:/C:/Users/11515/.gradle/caches/modules-2/files-2.1/org.joml/joml/1.10.8/fc0a71dad90a2cf41d82a76156a0e700af8e4f8d/joml-1.10.8.jar)
WARNING: Please consider reporting this to the maintainers of class org.joml.MemUtil$MemUtilUnsafe
WARNING: sun.misc.Unsafe::objectFieldOffset will be removed in a future release
WARNING: A restricted method in java.lang.System has been called
WARNING: java.lang.System::load has been called by com.oracle.truffle.polyglot.JDKSupport in an unnamed module (file:/C:/Users/11515/.gradle/caches/modules-2/files-2.1/curse.maven/graal-1504336/8762963/dd59af0c156c118b9aae5893e38127c1c709d401/graal-1504336-8762963.jar)
WARNING: Use --enable-native-access=ALL-UNNAMED to avoid a warning for callers in this module
WARNING: Restricted methods will be blocked in a future release unless native access is enabled

> Task :26.1.2-fabric:validateAccessWidener
> Task :26.1.2-fabric:verifyFabricRuntimeArtifact
> Task :26.1.2-fabric:check
> Task :26.1.2-fabric:build
> Task :26.2.0-fabric:test
> Task :26.2.0-fabric:validateAccessWidener
> Task :26.2.0-fabric:verifyFabricRuntimeArtifact
> Task :26.2.0-fabric:check
> Task :26.2.0-fabric:build

[Incubating] Problems report is available at: file:///D:/mcmodDemo/NekoJS/.worktrees/t31/NekoJS-mult/build/reports/problems/problems-report.html

Deprecated Gradle features were used in this build, making it incompatible with Gradle 10.

You can use '--warning-mode all' to show the individual deprecation warnings and determine if they come from your own scripts or plugins.

For more on this, please refer to https://docs.gradle.org/9.6.0/userguide/command_line_interface.html#sec:command_line_warnings in the Gradle documentation.

BUILD SUCCESSFUL in 44s
42 actionable tasks: 32 executed, 10 from cache
