Starting a Gradle Daemon, 1 busy and 2 stopped Daemons could not be reused, use --status for details
Running Stonecutter 0.9.7
> Task :buildSrc:checkKotlinGradlePluginConfigurationErrors SKIPPED
> Task :buildSrc:generateExternalPluginSpecBuilders UP-TO-DATE
> Task :buildSrc:extractPrecompiledScriptPluginPlugins UP-TO-DATE
> Task :buildSrc:compilePluginsBlocks UP-TO-DATE
> Task :buildSrc:generatePrecompiledScriptPluginAccessors UP-TO-DATE
> Task :buildSrc:generateScriptPluginAdapters UP-TO-DATE
> Task :buildSrc:compileKotlin UP-TO-DATE
> Task :buildSrc:compileJava NO-SOURCE
> Task :buildSrc:compileGroovy NO-SOURCE
> Task :buildSrc:pluginDescriptors UP-TO-DATE
> Task :buildSrc:processResources UP-TO-DATE
> Task :buildSrc:classes UP-TO-DATE
> Task :buildSrc:jar UP-TO-DATE

> Configure project :26.1.2
Parsed unknown MC version 26.1.2 from NeoForge version 26.1.2.71. Using capabilities of latest known Minecraft version 26.1-snapshot-2 with an updated Minecraft version.

> Configure project :26.1.2-fabric
Fabric Loom: 1.17.20

> Configure project :26.2.0
Parsed unknown MC version 26.2 from NeoForge version 26.2.0.57. Using capabilities of latest known Minecraft version 26.1-snapshot-2 with an updated Minecraft version.

> Configure project :26.2.0-fabric
Fabric Loom: 1.17.20

> Task :common-api-processor:processResources UP-TO-DATE
> Task :26.1.2:stonecutterPrepare UP-TO-DATE
> Task :1.21.1:stonecutterPrepare UP-TO-DATE
> Task :26.1.2:stonecutterGenerate UP-TO-DATE
> Task :1.21.1:stonecutterGenerate UP-TO-DATE
> Task :26.1.2:createMinecraftArtifacts UP-TO-DATE
> Task :1.21.1:createMinecraftArtifacts UP-TO-DATE
> Task :1.21.1:generateModMetadata UP-TO-DATE
> Task :26.1.2:generateModMetadata UP-TO-DATE
> Task :26.1.2:processResources UP-TO-DATE
> Task :1.21.1:processResources UP-TO-DATE
> Task :26.1.2:jarJar NO-SOURCE
> Task :1.21.1:jarJar NO-SOURCE
> Task :26.1.2:processTestResources UP-TO-DATE
> Task :1.21.1:stonecutterPrepareTest UP-TO-DATE
> Task :1.21.1:stonecutterGenerateTest UP-TO-DATE
> Task :1.21.1:processTestResources UP-TO-DATE
> Task :common:compileJava
> Task :common:processResources
> Task :common:classes
> Task :common:jar
> Task :common-api-processor:compileJava
> Task :common-api-processor:classes
> Task :common-api-processor:jar
> Task :common:checkCommonIsolation
> Task :common:compileTestJava
> Task :common:processTestResources
> Task :common:testClasses

> Task :26.1.2:compileJava
D:\mcmodDemo\NekoJS-perf02\NekoJS-mult\src\main\java\com\tkisor\nekojs\api\inject\ItemStackExtension.java:156: 警告: [deprecation] ItemStack中的getEnchantments()已过时
        return self().getEnchantments().getLevel(enchantment) >= level;
                     ^
D:\mcmodDemo\NekoJS-perf02\NekoJS-mult\src\main\java\com\tkisor\nekojs\wrapper\registry\gen\FluidBuilder.java:64: 警告: [this-escape] 可能在完全初始化子类之前逃逸了 'this'
        this.flowing = new RegistryObjectBuilder<>(getFlowingId()) {
                                                               ^
2 个警告

> Task :26.1.2:classes

> Task :1.21.1:compileJava
D:\mcmodDemo\NekoJS-perf02\NekoJS-mult\versions\1.21.1\src\main\java\com\tkisor\nekojs\villager\VillagerTradeManager.java:325: 警告: [deprecation] Unsafe中的staticFieldBase(Field)已过时
            unsafe.putObject(unsafe.staticFieldBase(field), unsafe.staticFieldOffset(field), value);
                                   ^
D:\mcmodDemo\NekoJS-perf02\NekoJS-mult\versions\1.21.1\src\main\java\com\tkisor\nekojs\villager\VillagerTradeManager.java:325: 警告: [deprecation] Unsafe中的staticFieldOffset(Field)已过时
            unsafe.putObject(unsafe.staticFieldBase(field), unsafe.staticFieldOffset(field), value);
                                                                  ^
D:\mcmodDemo\NekoJS-perf02\NekoJS-mult\versions\1.21.1\src\main\java\com\tkisor\nekojs\wrapper\registry\gen\EntityTypeBuilder.java:124: 警告: [unchecked] 未经检查的转换
                () -> (EntityType<? extends net.minecraft.world.entity.Mob>) (EntityType<?>) this.get(),
                                                                             ^
  需要: EntityType<? extends Mob>
  找到:    EntityType<CAP#1>
  其中, CAP#1是新类型变量:
    CAP#1从?的捕获扩展Entity
D:\mcmodDemo\NekoJS-perf02\NekoJS-mult\versions\1.21.1\src\main\java\com\tkisor\nekojs\wrapper\registry\gen\FluidBuilder.java:60: 警告: [this-escape] 可能在完全初始化子类之前逃逸了 'this'
        this.flowing = new RegistryObjectBuilder<>(getFlowingId()) {
                                                               ^
D:\mcmodDemo\NekoJS-perf02\NekoJS-mult\versions\1.21.1\build\generated\stonecutter\main\java\com\tkisor\nekojs\resource\ScriptPackDataManager.java:381: 警告: [deprecation] Unsafe中的objectFieldOffset(Field)已过时
        return theUnsafe().getObject(target, theUnsafe().objectFieldOffset(field));
                                                        ^
D:\mcmodDemo\NekoJS-perf02\NekoJS-mult\versions\1.21.1\build\generated\stonecutter\main\java\com\tkisor\nekojs\resource\ScriptPackDataManager.java:386: 警告: [deprecation] Unsafe中的objectFieldOffset(Field)已过时
        theUnsafe().putObject(target, theUnsafe().objectFieldOffset(field), value);
                                                 ^
6 个警告

> Task :26.1.2:jar
> Task :26.1.2:assemble
> Task :1.21.1:classes
> Task :1.21.1:jar
> Task :1.21.1:assemble
> Task :common:test
> Task :common:check

> Task :26.1.2:compileTestJava
D:\mcmodDemo\NekoJS-perf02\NekoJS-mult\src\test\java\com\tkisor\nekojs\bindings\static_access\BindingHelpersTest.java:52: 警告: [try] 不能在相应的 try 语句的正文中引用可自动结束的资源context
        try (Context context = Context.newBuilder().build()) {
                     ^
D:\mcmodDemo\NekoJS-perf02\NekoJS-mult\src\test\java\com\tkisor\nekojs\bindings\static_access\BindingHelpersTest.java:62: 警告: [try] 不能在相应的 try 语句的正文中引用可自动结束的资源context
        try (Context context = Context.newBuilder().build()) {
                     ^
2 个警告

> Task :1.21.1:compileTestJava
> Task :1.21.1:testClasses
> Task :26.1.2:testClasses
WARNING: A terminally deprecated method in sun.misc.Unsafe has been called
WARNING: sun.misc.Unsafe::staticFieldOffset has been called by net.jodah.typetools.TypeResolver (file:/D:/mcmodDemo/NekoJS/.gradle-perf02/caches/modules-2/files-2.1/net.jodah/typetools/0.6.3/a01aaa6ddaea9ec07ec4f209487b7a46a526283a/typetools-0.6.3.jar)
WARNING: Please consider reporting this to the maintainers of class net.jodah.typetools.TypeResolver
WARNING: sun.misc.Unsafe::staticFieldOffset will be removed in a future release
WARNING: A restricted method in java.lang.System has been called
WARNING: java.lang.System::load has been called by com.oracle.truffle.polyglot.JDKSupport in an unnamed module (file:/D:/mcmodDemo/NekoJS/.gradle-perf02/caches/modules-2/files-2.1/curse.maven/graal-1504336/8762962/560c593ecf454385f4645a2efaf2c170cc98268d/graal-1504336-8762962.jar)
WARNING: Use --enable-native-access=ALL-UNNAMED to avoid a warning for callers in this module
WARNING: Restricted methods will be blocked in a future release unless native access is enabled

> Task :1.21.1:test
> Task :1.21.1:verifyDevModSourceSets
> Task :1.21.1:check
> Task :1.21.1:build
> Task :26.1.2:test
> Task :26.1.2:verifyDevModSourceSets
> Task :26.1.2:check
> Task :26.1.2:build

[Incubating] Problems report is available at: file:///D:/mcmodDemo/NekoJS-perf02/NekoJS-mult/build/reports/problems/problems-report.html

Deprecated Gradle features were used in this build, making it incompatible with Gradle 10.

You can use '--warning-mode all' to show the individual deprecation warnings and determine if they come from your own scripts or plugins.

For more on this, please refer to https://docs.gradle.org/9.6.0/userguide/command_line_interface.html#sec:command_line_warnings in the Gradle documentation.

BUILD SUCCESSFUL in 1m 20s
43 actionable tasks: 19 executed, 24 up-to-date
