[deploy] run dir ready (bench=False): D:\mcmodDemo\NekoJS-perf02\NekoJS-mult\versions\26.1.2\run
[session] startup-1-warmup started pid=7284
[session] startup-1-warmup Done(0.554) wall=44324ms
[sample] "pid":7284,"ts_utc":"2026-09-12T11:00:20.2159069Z","forced_kill":false,"timeout":null,"rev":"3400e97e","node":"26.1.2","stop_channel":"rcon","wall_total_ms":46264,"wall_done_ms":44324,"kind":"warmup","index":1,"killed":false,"done_s":"0.554","tag":"startup-1-warmup","mode":"startup"
[deploy] run dir ready (bench=False): D:\mcmodDemo\NekoJS-perf02\NekoJS-mult\versions\26.1.2\run
[session] startup-2-warmup started pid=34472
[session] startup-2-warmup Done(0.517) wall=28454ms
[sample] "pid":34472,"ts_utc":"2026-09-12T11:00:50.8176381Z","forced_kill":false,"timeout":null,"rev":"3400e97e","node":"26.1.2","stop_channel":"rcon","wall_total_ms":30506,"wall_done_ms":28454,"kind":"warmup","index":2,"killed":false,"done_s":"0.517","tag":"startup-2-warmup","mode":"startup"
[deploy] run dir ready (bench=False): D:\mcmodDemo\NekoJS-perf02\NekoJS-mult\versions\26.1.2\run
[session] startup-3-formal started pid=34012
[session] startup-3-formal Done(0.582) wall=30172ms
[sample] "pid":34012,"ts_utc":"2026-09-12T11:01:22.8797516Z","forced_kill":false,"timeout":null,"rev":"3400e97e","node":"26.1.2","stop_channel":"rcon","wall_total_ms":31993,"wall_done_ms":30172,"kind":"formal","index":3,"killed":false,"done_s":"0.582","tag":"startup-3-formal","mode":"startup"
[deploy] run dir ready (bench=False): D:\mcmodDemo\NekoJS-perf02\NekoJS-mult\versions\26.1.2\run
[session] startup-4-formal started pid=35200
[session] startup-4-formal Done(0.258) wall=16034ms
[sample] "pid":35200,"ts_utc":"2026-09-12T11:01:39.9536982Z","forced_kill":false,"timeout":null,"rev":"3400e97e","node":"26.1.2","stop_channel":"rcon","wall_total_ms":16984,"wall_done_ms":16034,"kind":"formal","index":4,"killed":false,"done_s":"0.258","tag":"startup-4-formal","mode":"startup"
[deploy] run dir ready (bench=False): D:\mcmodDemo\NekoJS-perf02\NekoJS-mult\versions\26.1.2\run
[session] startup-5-formal started pid=32864
[session] startup-5-formal Done(0.278) wall=14926ms
[sample] "pid":32864,"ts_utc":"2026-09-12T11:01:55.9382471Z","forced_kill":false,"timeout":null,"rev":"3400e97e","node":"26.1.2","stop_channel":"rcon","wall_total_ms":15955,"wall_done_ms":14926,"kind":"formal","index":5,"killed":false,"done_s":"0.278","tag":"startup-5-formal","mode":"startup"
[deploy] run dir ready (bench=False): D:\mcmodDemo\NekoJS-perf02\NekoJS-mult\versions\26.1.2\run
[session] startup-6-formal started pid=34872
[session] startup-6-formal Done(0.499) wall=24379ms
[sample] "pid":34872,"ts_utc":"2026-09-12T11:02:22.3158944Z","forced_kill":false,"timeout":null,"rev":"3400e97e","node":"26.1.2","stop_channel":"rcon","wall_total_ms":26331,"wall_done_ms":24379,"kind":"formal","index":6,"killed":false,"done_s":"0.499","tag":"startup-6-formal","mode":"startup"
[deploy] run dir ready (bench=False): D:\mcmodDemo\NekoJS-perf02\NekoJS-mult\versions\26.1.2\run
[session] startup-7-formal started pid=33012
[session] startup-7-formal Done(0.461) wall=24385ms
[sample] "pid":33012,"ts_utc":"2026-09-12T11:02:48.6661085Z","forced_kill":false,"timeout":null,"rev":"3400e97e","node":"26.1.2","stop_channel":"rcon","wall_total_ms":26285,"wall_done_ms":24385,"kind":"formal","index":7,"killed":false,"done_s":"0.461","tag":"startup-7-formal","mode":"startup"
[done] stdin-ok= -> D:\mcmodDemo\NekoJS-perf02\NekoJS-mult\bench\perf\out\20260912T105931Z-startup-26.1.2
