Running Stonecutter 0.9.7
> Task :buildSrc:checkKotlinGradlePluginConfigurationErrors SKIPPED
> Task :buildSrc:generateExternalPluginSpecBuilders UP-TO-DATE
> Task :buildSrc:extractPrecompiledScriptPluginPlugins UP-TO-DATE
> Task :buildSrc:compilePluginsBlocks UP-TO-DATE
> Task :buildSrc:generatePrecompiledScriptPluginAccessors UP-TO-DATE
> Task :buildSrc:generateScriptPluginAdapters UP-TO-DATE
> Task :buildSrc:compileKotlin UP-TO-DATE
> Task :buildSrc:compileJava NO-SOURCE
> Task :buildSrc:compileGroovy NO-SOURCE
> Task :buildSrc:pluginDescriptors UP-TO-DATE
> Task :buildSrc:processResources UP-TO-DATE
> Task :buildSrc:classes UP-TO-DATE
> Task :buildSrc:jar UP-TO-DATE

> Configure project :26.1.2
Parsed unknown MC version 26.1.2 from NeoForge version 26.1.2.71. Using capabilities of latest known Minecraft version 26.1-snapshot-2 with an updated Minecraft version.

> Configure project :26.1.2-fabric
Fabric Loom: 1.17.20

> Configure project :26.2.0
Parsed unknown MC version 26.2 from NeoForge version 26.2.0.57. Using capabilities of latest known Minecraft version 26.1-snapshot-2 with an updated Minecraft version.

> Configure project :26.2.0-fabric
Fabric Loom: 1.17.20

> Task :26.1.2:stonecutterPrepare UP-TO-DATE
> Task :common-api-processor:processResources UP-TO-DATE
> Task :26.1.2:stonecutterGenerate UP-TO-DATE
> Task :26.1.2:createMinecraftArtifacts UP-TO-DATE
> Task :26.1.2:generateModMetadata UP-TO-DATE
> Task :26.1.2:processResources UP-TO-DATE
> Task :26.1.2:processTestResources UP-TO-DATE
> Task :26.1.2-fabric:stonecutterPrepare
> Task :1.21.1:stonecutterPrepare
> Task :common:checkCommonIsolation
> Task :common:compileJava UP-TO-DATE
> Task :common:processResources UP-TO-DATE
> Task :common-api-processor:compileJava UP-TO-DATE
> Task :common:classes UP-TO-DATE
> Task :common-api-processor:classes UP-TO-DATE
> Task :common:jar UP-TO-DATE
> Task :common-api-processor:jar UP-TO-DATE
> Task :26.1.2:compileJava UP-TO-DATE
> Task :common:compileTestJava UP-TO-DATE
> Task :26.1.2:classes UP-TO-DATE
> Task :common:processTestResources UP-TO-DATE
> Task :common:testClasses UP-TO-DATE
> Task :26.1.2:compileTestJava UP-TO-DATE
> Task :common:test UP-TO-DATE
> Task :26.1.2:testClasses UP-TO-DATE
> Task :common:check
> Task :26.1.2-fabric:stonecutterGenerate
> Task :1.21.1:stonecutterGenerate
> Task :1.21.1:createMinecraftArtifacts UP-TO-DATE
> Task :26.1.2-fabric:compileJava
> Task :26.1.2-fabric:extractIcuClasses UP-TO-DATE
> Task :26.1.2-fabric:generateModMetadata UP-TO-DATE
> Task :26.1.2-fabric:processResources UP-TO-DATE
> Task :26.1.2-fabric:classes
> Task :26.1.2-fabric:stonecutterPrepareTest UP-TO-DATE
> Task :26.1.2-fabric:stonecutterGenerateTest UP-TO-DATE
> Task :26.1.2-fabric:compileTestJava UP-TO-DATE
> Task :26.1.2-fabric:processTestResources UP-TO-DATE
> Task :26.1.2-fabric:testClasses UP-TO-DATE
WARNING: A terminally deprecated method in sun.misc.Unsafe has been called
WARNING: sun.misc.Unsafe::staticFieldOffset has been called by net.jodah.typetools.TypeResolver (file:/C:/Users/11515/.gradle/caches/modules-2/files-2.1/net.jodah/typetools/0.6.3/a01aaa6ddaea9ec07ec4f209487b7a46a526283a/typetools-0.6.3.jar)
WARNING: Please consider reporting this to the maintainers of class net.jodah.typetools.TypeResolver
WARNING: sun.misc.Unsafe::staticFieldOffset will be removed in a future release
WARNING: A restricted method in java.lang.System has been called
WARNING: java.lang.System::load has been called by com.oracle.truffle.polyglot.JDKSupport in an unnamed module (file:/C:/Users/11515/.gradle/caches/modules-2/files-2.1/curse.maven/graal-1504336/8762962/560c593ecf454385f4645a2efaf2c170cc98268d/graal-1504336-8762962.jar)
WARNING: Use --enable-native-access=ALL-UNNAMED to avoid a warning for callers in this module
WARNING: Restricted methods will be blocked in a future release unless native access is enabled


> Task :1.21.1:compileJava
D:\mcmodDemo\NekoJS\NekoJS-t25\NekoJS-mult\versions\1.21.1\src\main\java\com\tkisor\nekojs\villager\VillagerTradeManager.java:325: 警告: [deprecation] Unsafe中的staticFieldBase(Field)已过时
            unsafe.putObject(unsafe.staticFieldBase(field), unsafe.staticFieldOffset(field), value);
                                   ^
D:\mcmodDemo\NekoJS\NekoJS-t25\NekoJS-mult\versions\1.21.1\src\main\java\com\tkisor\nekojs\villager\VillagerTradeManager.java:325: 警告: [deprecation] Unsafe中的staticFieldOffset(Field)已过时
            unsafe.putObject(unsafe.staticFieldBase(field), unsafe.staticFieldOffset(field), value);
                                                                  ^
D:\mcmodDemo\NekoJS\NekoJS-t25\NekoJS-mult\versions\1.21.1\src\main\java\com\tkisor\nekojs\wrapper\registry\gen\EntityTypeBuilder.java:124: 警告: [unchecked] 未经检查的转换
                () -> (EntityType<? extends net.minecraft.world.entity.Mob>) (EntityType<?>) this.get(),
                                                                             ^
  需要: EntityType<? extends Mob>
  找到:    EntityType<CAP#1>
  其中, CAP#1是新类型变量:
    CAP#1从?的捕获扩展Entity
D:\mcmodDemo\NekoJS\NekoJS-t25\NekoJS-mult\versions\1.21.1\src\main\java\com\tkisor\nekojs\wrapper\registry\gen\FluidBuilder.java:60: 警告: [this-escape] 可能在完全初始化子类之前逃逸了 'this'
        this.flowing = new RegistryObjectBuilder<>(getFlowingId()) {
                                                               ^
D:\mcmodDemo\NekoJS\NekoJS-t25\NekoJS-mult\versions\1.21.1\build\generated\stonecutter\main\java\com\tkisor\nekojs\resource\ScriptPackDataManager.java:381: 警告: [deprecation] Unsafe中的objectFieldOffset(Field)已过时
        return theUnsafe().getObject(target, theUnsafe().objectFieldOffset(field));
                                                        ^
D:\mcmodDemo\NekoJS\NekoJS-t25\NekoJS-mult\versions\1.21.1\build\generated\stonecutter\main\java\com\tkisor\nekojs\resource\ScriptPackDataManager.java:386: 警告: [deprecation] Unsafe中的objectFieldOffset(Field)已过时
        theUnsafe().putObject(target, theUnsafe().objectFieldOffset(field), value);
                                                 ^

> Task :26.1.2:test
> Task :26.1.2:verifyDevModSourceSets
> Task :26.1.2:check
WARNING: A terminally deprecated method in sun.misc.Unsafe has been called
WARNING: sun.misc.Unsafe::objectFieldOffset has been called by org.joml.MemUtil$MemUtilUnsafe (file:/C:/Users/11515/.gradle/caches/modules-2/files-2.1/org.joml/joml/1.10.8/fc0a71dad90a2cf41d82a76156a0e700af8e4f8d/joml-1.10.8.jar)
WARNING: Please consider reporting this to the maintainers of class org.joml.MemUtil$MemUtilUnsafe
WARNING: sun.misc.Unsafe::objectFieldOffset will be removed in a future release

> Task :1.21.1:compileJava
6 个警告
WARNING: A restricted method in java.lang.System has been called
WARNING: java.lang.System::load has been called by com.oracle.truffle.polyglot.JDKSupport in an unnamed module (file:/C:/Users/11515/.gradle/caches/modules-2/files-2.1/curse.maven/graal-1504336/8762963/dd59af0c156c118b9aae5893e38127c1c709d401/graal-1504336-8762963.jar)
WARNING: Use --enable-native-access=ALL-UNNAMED to avoid a warning for callers in this module
WARNING: Restricted methods will be blocked in a future release unless native access is enabled


> Task :26.1.2-fabric:test

[Incubating] Problems report is available at: file:///D:/mcmodDemo/NekoJS/NekoJS-t25/NekoJS-mult/build/reports/problems/problems-report.html

Deprecated Gradle features were used in this build, making it incompatible with Gradle 10.

You can use '--warning-mode all' to show the individual deprecation warnings and determine if they come from your own scripts or plugins.

For more on this, please refer to https://docs.gradle.org/9.6.0/userguide/command_line_interface.html#sec:command_line_warnings in the Gradle documentation.

BUILD SUCCESSFUL in 8s
44 actionable tasks: 10 executed, 34 up-to-date
