[12:25:08] [INFO] 正在运行 TEST 脚本...
[12:25:08] [INFO] 发现了 3 个 TEST 脚本。
[12:25:08] [INFO] [NekoJS Test][SECTION] DataMap.query
[12:25:08] [INFO] [NekoJS Test][PASS] hit: coal burnTime from the vanilla furnace_fuels data map
[12:25:08] [INFO] [NekoJS Test][PASS] hit: apple compostable chance is a snapshot number in (0,1], got: 0.6499999761581421
[12:25:08] [INFO] [NekoJS Test][PASS] miss: stone is not fuel -> null
[12:25:08] [INFO] [NekoJS Test][PASS] miss: stone is not compostable -> null
[12:25:08] [INFO] [NekoJS Test][PASS] coercion: string item id -> ItemStack -> same burnTime
[12:25:08] [INFO] [NekoJS Test][PASS] invalid: number is not an ItemStack -> error
[12:25:08] [INFO] [NekoJS Test][PASS] invalid: plain object is not an ItemStack -> error
[12:25:08] [INFO] [NekoJS Test][PASS] invalid: unregistered item id -> error
[12:25:08] [INFO] [NekoJS Test][PASS] empty: JS null -> ItemStack.EMPTY -> null
[12:25:08] [INFO] [NekoJS Test][PASS] empty: undefined -> ItemStack.EMPTY -> null
[12:25:08] [INFO] [NekoJS Test][PASS] empty: JS null -> ItemStack.EMPTY -> null
[12:25:08] [INFO] [NekoJS Test][PASS] readonly: furnaceFuel is a query function
[12:25:08] [INFO] [NekoJS Test][PASS] readonly: compostable is a query function
[12:25:08] [INFO] [NekoJS Test][PASS] readonly: repeated query of the same entry returns the same snapshot
[12:25:08] [INFO] [NekoJS Test][PASS] readonly: repeated query of the same entry returns the same snapshot (compostable)
[12:25:08] [INFO] [NekoJS Test][SUMMARY] 15 passed, 0 failed
[12:25:08] [INFO] [NekoJS Test][SECTION] EntitySelectors.illegal.location
[12:25:08] [INFO] [NekoJS Test][PASS] error message carries domain + call entry
[12:25:08] [ERROR] 脚本执行失败: nekojs:test/entityselectors-illegal-location.js
环境: TEST
位置: test_scripts/entityselectors-illegal-location.js:29:17
原因: selector must not be null

EntitySelectors.find(level, null, 0, 0, 0)

堆栈: at anonymous (test_scripts/entityselectors-illegal-location.js:29)
[12:25:08] [INFO] [NekoJS Test][SECTION] EntitySelectors.query
[12:25:08] [INFO] [NekoJS Test][PASS] dedicated server is running
[12:25:08] [INFO] [NekoJS Test][PASS] overworld ServerLevel obtained
[12:25:08] [INFO] [NekoJS Test][PASS] prerequisite: forceload + tagged summon done first (q25f=36 cows=27 q25f_c1=9 q25f_p1=9); see this file header / REPORT §5
[12:25:08] [INFO] [NekoJS Test][PASS] prerequisite: tagged bee present (q25bee=9)
[12:25:08] [INFO] [NekoJS Test][PASS] allEntities() + tag + find: hits every tagged entity (factory preset + builder + query)
[12:25:08] [INFO] [NekoJS Test][PASS] allEntities() + tag + type(cow): hits exactly the tagged cows
[12:25:08] [INFO] [NekoJS Test][PASS] allEntities() + tag + type(pig): hits the tagged pig
[12:25:08] [INFO] [NekoJS Test][PASS] allEntities() + inverse type(pig): everything tagged except the pig
[12:25:08] [INFO] [NekoJS Test][PASS] allEntities() + typeTag(declared entity type tag): hits the tagged bee
[12:25:08] [INFO] [NekoJS Test][PASS] create(cfg) + type(player, inverse) runs the selector and hits every non-player entity, got: 56 (tagged=36)
[12:25:08] [INFO] [NekoJS Test][PASS] create(cfg) and builder() build the same selector shape -> identical results
[12:25:08] [INFO] [NekoJS Test][PASS] builder() + inverse type(player) + tag: the tagged entities (builder entry hits real entities)
[12:25:08] [INFO] [NekoJS Test][PASS] nearestEntity() preset returns exactly one materialized entity
[12:25:08] [INFO] [NekoJS Test][PASS] randomEntity() preset returns exactly one materialized entity
[12:25:08] [INFO] [NekoJS Test][PASS] orderNearest result is a materialized entity
[12:25:08] [INFO] [NekoJS Test][PASS] scope: a tag-only builder() stays on the player base (0 players online) -> empty
[12:25:08] [INFO] [NekoJS Test][PASS] scope: create(cfg) base is the player scope (0 players online) -> empty
[12:25:08] [INFO] [NekoJS Test][PASS] scope: allPlayers() preset stays player-only -> empty snapshot
[12:25:08] [INFO] [NekoJS Test][PASS] scope: type(player) stays player-scoped -> 0 players online
[12:25:08] [INFO] [NekoJS Test][PASS] GAP: create(b => b.type(cow)) does NOT switch scope -> 0 (documented-example style, see REPORT §7)
[12:25:08] [INFO] [NekoJS Test][PASS] GAP: builder().type(cow) keeps the player base -> 0
[12:25:08] [INFO] [NekoJS Test][PASS] GAP: inverse of a non-player type also keeps the player base -> 0
[12:25:08] [INFO] [NekoJS Test][PASS] GAP: typeTag() alone keeps the player base -> 0 (entity base needed for hits)
[12:25:08] [INFO] [NekoJS Test][PASS] GAP: unknown entity type tag is silently accepted (no error, silent no-op, see REPORT §7)
[12:25:08] [INFO] [NekoJS Test][PASS] GAP: an unknown tag keeps the player base -> 0 (indistinguishable from a real empty filter)
[12:25:08] [INFO] [NekoJS Test][PASS] GAP: an unknown tag on the entity base filters everything out -> 0 (silent, no error)
[12:25:08] [INFO] [NekoJS Test][PASS] distanceBelow(8) keeps the tagged set near the anchor
[12:25:08] [INFO] [NekoJS Test][PASS] distanceAbove(8) misses the near tagged set
[12:25:08] [INFO] [NekoJS Test][PASS] distanceAbove(8) hits the far tagged bee
[12:25:08] [INFO] [NekoJS Test][PASS] distanceBelow(8) misses the far tagged bee
[12:25:08] [INFO] [NekoJS Test][PASS] limit(2) caps the tagged set
[12:25:08] [INFO] [NekoJS Test][PASS] orderNearest().limit(1) returns exactly one
[12:25:08] [INFO] [NekoJS Test][PASS] create(null) -> labeled error
[12:25:08] [INFO] [NekoJS Test][PASS] limit(0) -> labeled error
[12:25:08] [INFO] [NekoJS Test][PASS] negative distance -> labeled error
[12:25:08] [INFO] [NekoJS Test][PASS] min>max distance -> labeled error
[12:25:08] [INFO] [NekoJS Test][PASS] negative distanceBelow -> labeled error
[12:25:08] [INFO] [NekoJS Test][PASS] min>max level -> labeled error
[12:25:08] [INFO] [NekoJS Test][PASS] unknown entity type -> labeled error (contrast with the silent unknown tag above)
[12:25:08] [INFO] [NekoJS Test][PASS] unknown gamemode -> labeled error
[12:25:08] [INFO] [NekoJS Test][PASS] null level -> labeled error
[12:25:08] [INFO] [NekoJS Test][PASS] null selector -> labeled error
[12:25:08] [INFO] [NekoJS Test][PASS] repeated query is side-effect free
[12:25:08] [INFO] [NekoJS Test][SUMMARY] 59 passed, 0 failed
[12:25:07] [Server thread/INFO] [minecraft/DedicatedServer]: Done (0.372s)! For help, type "help"
