Running Stonecutter 0.9.7
> Task :buildSrc:checkKotlinGradlePluginConfigurationErrors SKIPPED
> Task :buildSrc:generateExternalPluginSpecBuilders UP-TO-DATE
> Task :buildSrc:extractPrecompiledScriptPluginPlugins UP-TO-DATE
> Task :buildSrc:compilePluginsBlocks UP-TO-DATE
> Task :buildSrc:generatePrecompiledScriptPluginAccessors UP-TO-DATE
> Task :buildSrc:generateScriptPluginAdapters UP-TO-DATE
> Task :buildSrc:compileKotlin UP-TO-DATE
> Task :buildSrc:compileJava NO-SOURCE
> Task :buildSrc:compileGroovy NO-SOURCE
> Task :buildSrc:pluginDescriptors UP-TO-DATE
> Task :buildSrc:processResources UP-TO-DATE
> Task :buildSrc:classes UP-TO-DATE
> Task :buildSrc:jar UP-TO-DATE

> Configure project :26.1.2
Parsed unknown MC version 26.1.2 from NeoForge version 26.1.2.71. Using capabilities of latest known Minecraft version 26.1-snapshot-2 with an updated Minecraft version.

> Configure project :26.1.2-fabric
Fabric Loom: 1.17.20

> Configure project :26.2.0
Parsed unknown MC version 26.2 from NeoForge version 26.2.0.57. Using capabilities of latest known Minecraft version 26.1-snapshot-2 with an updated Minecraft version.

> Configure project :26.2.0-fabric
Fabric Loom: 1.17.20

> Task :common-api-processor:processResources UP-TO-DATE
> Task :26.1.2:stonecutterPrepare UP-TO-DATE
> Task :26.1.2:stonecutterGenerate UP-TO-DATE
> Task :common:compileJava UP-TO-DATE
> Task :common:processResources UP-TO-DATE
> Task :common:classes UP-TO-DATE
> Task :common:jar UP-TO-DATE
> Task :common-api-processor:compileJava UP-TO-DATE
> Task :common-api-processor:classes UP-TO-DATE
> Task :common-api-processor:jar UP-TO-DATE
> Task :26.1.2:createMinecraftArtifacts UP-TO-DATE
> Task :26.1.2:compileJava UP-TO-DATE
> Task :26.1.2:generateModMetadata UP-TO-DATE
> Task :26.1.2:processResources UP-TO-DATE
> Task :26.1.2:classes UP-TO-DATE
> Task :26.1.2:downloadAssets UP-TO-DATE
> Task :26.1.2:prepareServerRun UP-TO-DATE

> Task :26.1.2:runServer
2026-09-13T02:37:11.971469100Z main WARN Advanced terminal features are not available in this environment
[10:37:12] [main/INFO] [ne.ne.fm.st.Entrypoint/]: JVM Uptime at startup: 128ms
[10:37:12] [main/INFO] [ne.ne.fm.lo.FMLLoader/]: Starting FancyModLoader version 11.0.13 (DEDICATED_SERVER in DEV)
[10:37:12] [main/INFO] [ne.ne.fm.lo.FMLLoader/]: Game directory: D:\mcmodDemo\NekoJS\NekoJS-t25\NekoJS-mult\versions\26.1.2\run
[10:37:12] [main/INFO] [ne.ne.fm.lo.EarlyServiceDiscovery/]: Found 2 early service jars (out of 110) in 18ms
[10:37:12] [main/INFO] [ne.ne.fm.lo.FMLLoader/]: Loading FML Early Services:
[10:37:12] [main/INFO] [ne.ne.fm.lo.FMLLoader/]:  - C:/Users/11515/.gradle/caches/modules-2/files-2.1/net.neoforged.fancymodloader/earlydisplay/11.0.13/491a1bedecb33802fa118cae384b60f91f6f0241/earlydisplay-11.0.13.jar
[10:37:12] [main/INFO] [ne.ne.fm.lo.FMLLoader/]:  - C:/Users/11515/.gradle/caches/modules-2/files-2.1/net.neoforged.fancymodloader/loader/11.0.13/c9c89eaf35535990110088224d188748d81eaecf/loader-11.0.13.jar
[10:37:12] [main/INFO] [ne.ne.fm.lo.ImmediateWindowHandler/]: Not loading early display in headless mode.
[10:37:12] [main/INFO] [ne.ne.fm.lo.mo.lo.GameLocator/]: Detected a joined NeoForge and Minecraft configuration. Applying filtering...
[10:37:12] [main/INFO] [ne.ne.fm.lo.mo.lo.InDevFolderLocator/CORE]: Got mod coordinates nekojs%%D:\mcmodDemo\NekoJS\NekoJS-t25\NekoJS-mult\versions\26.1.2\build\classes\java\main;nekojs%%D:\mcmodDemo\NekoJS\NekoJS-t25\NekoJS-mult\versions\26.1.2\build\resources\main;nekojs%%D:\mcmodDemo\NekoJS\NekoJS-t25\NekoJS-mult\common\build\classes\java\main;nekojs%%D:\mcmodDemo\NekoJS\NekoJS-t25\NekoJS-mult\common\build\resources\main from env
[10:37:12] [main/INFO] [ne.ne.fm.lo.mo.lo.JarInJarDependencyLocator/]: Found 2 dependencies adding them to mods collection
[10:37:12] [main/INFO] [ne.ne.fm.lo.mo.ModDiscoverer/]: 
     Mod List:
		Name Version (Mod Id)

		GraalMC 25.1.3.7 (graalmc)
		Just Enough Items 29.5.0.26 (jei)
		Minecraft 26.1.2 (minecraft)
		NekoJS 1.1.0-preview3 (nekojs)
		NeoForge 26.1.2.71 (neoforge)
[10:37:12] [main/INFO] [mixin/]: SpongePowered MIXIN Subsystem Version=0.8.7 Source=file:/C:/Users/11515/.gradle/caches/modules-2/files-2.1/net.fabricmc/sponge-mixin/0.17.3+mixin.0.8.7/41c4a3984a80f4679e759fb9f495587acc5cdac7/sponge-mixin-0.17.3+mixin.0.8.7.jar Service=FML Env=SERVER
[10:37:12] [main/INFO] [ne.ne.fm.lo.FMLLoader/]: Loading FML Plugins:
[10:37:12] [main/INFO] [ne.ne.fm.lo.FMLLoader/]:  - C:/Users/11515/.gradle/caches/modules-2/files-2.1/net.neoforged/neoforge/26.1.2.71/2fb61eae2ea7b55fe17d0dba69cab130beb0a054/neoforge-26.1.2.71-universal.jar > net.neoforged.neoforge-coremods-26.1.2.71.jar
[10:37:13] [main/INFO] [ne.ne.fm.lo.FMLLoader/]: Building game content classloader:
 - graalmc (jar(C:/Users/11515/.gradle/caches/modules-2/files-2.1/curse.maven/graal-1504336/8762962/560c593ecf454385f4645a2efaf2c170cc98268d/graal-1504336-8762962.jar))
 - jei (jar(C:/Users/11515/.gradle/caches/modules-2/files-2.1/curse.maven/jei-238222/7920926/3341cfa3b1139c3a5793df3fb05ff2a4001e3b69/jei-238222-7920926.jar))
 - minecraft (composite(filtered(jar(D:/mcmodDemo/NekoJS/NekoJS-t25/NekoJS-mult/versions/26.1.2/build/moddev/artifacts/minecraft-patched-26.1.2.71.jar)), filtered(jar(D:/mcmodDemo/NekoJS/NekoJS-t25/NekoJS-mult/versions/26.1.2/build/moddev/artifacts/minecraft-patched-26.1.2.71.jar))))
 - mixinextras.neoforge (jar(C:/Users/11515/.gradle/caches/modules-2/files-2.1/net.neoforged/neoforge/26.1.2.71/2fb61eae2ea7b55fe17d0dba69cab130beb0a054/neoforge-26.1.2.71-universal.jar > mixinextras-neoforge-0.5.4.jar))
 - nekojs (composite(folder(D:/mcmodDemo/NekoJS/NekoJS-t25/NekoJS-mult/versions/26.1.2/build/classes/java/main), folder(D:/mcmodDemo/NekoJS/NekoJS-t25/NekoJS-mult/versions/26.1.2/build/resources/main), folder(D:/mcmodDemo/NekoJS/NekoJS-t25/NekoJS-mult/common/build/classes/java/main), folder(D:/mcmodDemo/NekoJS/NekoJS-t25/NekoJS-mult/common/build/resources/main)))
 - neoforge (composite(filtered(jar(C:/Users/11515/.gradle/caches/modules-2/files-2.1/net.neoforged/neoforge/26.1.2.71/2fb61eae2ea7b55fe17d0dba69cab130beb0a054/neoforge-26.1.2.71-universal.jar))))
 - net.neoforged.fml.generated (empty(VirtualJar/net.neoforged.fml.generated))
[10:37:13] [main/INFO] [ne.ne.fm.lo.FMLLoader/]: Built game content classloader in 33ms
[10:37:13] [main/INFO] [MixinExtras|Service/]: Initializing MixinExtras via com.llamalad7.mixinextras.service.MixinExtrasServiceImpl(version=0.5.4).
[10:37:17] [main/WARN] [minecraft/Commands]: Ambiguity between arguments [teleport, location] and [teleport, destination] with inputs: [0.1 -0.5 .9, 0 0 0]
[10:37:17] [main/WARN] [minecraft/Commands]: Ambiguity between arguments [teleport, location] and [teleport, targets] with inputs: [0.1 -0.5 .9, 0 0 0]
[10:37:17] [main/WARN] [minecraft/Commands]: Ambiguity between arguments [teleport, destination] and [teleport, targets] with inputs: [Player, 0123, @e, dd12be42-52a9-4a91-a8a1-11c01849e498]
[10:37:17] [main/WARN] [minecraft/Commands]: Ambiguity between arguments [teleport, targets] and [teleport, destination] with inputs: [Player, 0123, dd12be42-52a9-4a91-a8a1-11c01849e498]
[10:37:17] [main/WARN] [minecraft/Commands]: Ambiguity between arguments [teleport, targets, location] and [teleport, targets, destination] with inputs: [0.1 -0.5 .9, 0 0 0]
[10:37:17] [main/WARN] [minecraft/Commands]: Ambiguity between arguments [time, set, time] and [time, set, timemarker] with inputs: [0, 0s, 0d, 0t]
[10:37:17] [main/WARN] [minecraft/Commands]: Ambiguity between arguments [time, set, timemarker] and [time, set, time] with inputs: [012]
[10:37:17] [main/WARN] [minecraft/Commands]: Ambiguity between arguments [time, of, clock, set, time] and [time, of, clock, set, timemarker] with inputs: [0, 0s, 0d, 0t]
[10:37:17] [main/WARN] [minecraft/Commands]: Ambiguity between arguments [time, of, clock, set, timemarker] and [time, of, clock, set, time] with inputs: [012]
[10:37:17] [main/WARN] [minecraft/Commands]: Ambiguity between arguments [waypoint, modify, waypoint, color, reset] and [waypoint, modify, waypoint, color, color] with inputs: [reset]
[10:37:17] [modloading-worker-0/INFO] [ne.ne.ne.co.NeoForgeMod/NEOFORGE-MOD]: NeoForge mod loading, version 26.1.2.71, for MC 26.1.2
[10:37:17] [modloading-worker-0/INFO] [NekoJS/]: Engine config loaded. Unsafe features enabled: false
[10:37:18] [modloading-worker-0/INFO] [NekoJS/]: Engine config loaded. Unsafe features enabled: false
WARNING: A restricted method in java.lang.System has been called
WARNING: java.lang.System::load has been called by com.oracle.truffle.polyglot.JDKSupport in module graalmc (file:/C:/Users/11515/.gradle/caches/modules-2/files-2.1/curse.maven/graal-1504336/8762962/560c593ecf454385f4645a2efaf2c170cc98268d/graal-1504336-8762962.jar)
WARNING: Use --enable-native-access=graalmc to avoid a warning for callers in this module
WARNING: Restricted methods will be blocked in a future release unless native access is enabled

[10:37:19] [NekoJS-Log-Flusher/INFO] [NekoJS/]: [NekoJS] NekoJS plugin runtime bootstrapped once (assembly)
[10:37:19] [NekoJS-Log-Flusher/INFO] [NekoJS/]: [startup] 发现了 1 个 STARTUP 脚本。
[10:37:19] [NekoJS-Log-Flusher/INFO] [NekoJS/]: [server] 发现了 1 个 SERVER 脚本。
[10:37:19] [NekoJS-Log-Flusher/INFO] [NekoJS/]: [client] 发现了 1 个 CLIENT 脚本。
[10:37:19] [modloading-worker-0/INFO] [NekoJS/]: 正在为 STARTUP 注册 13 个事件组...
[10:37:19] [main/INFO] [mojang/YggdrasilAuthenticationService]: Environment: Environment[sessionHost=https://sessionserver.mojang.com, servicesHost=https://api.minecraftservices.com, profilesHost=https://api.mojang.com, name=PROD]
[10:37:20] [NekoJS-Log-Flusher/INFO] [NekoJS/]: [startup] Hello, World! (Loaded startup example script)
[10:37:20] [Worker-Main-5/INFO] [NekoJS/]: 正在为 SERVER 注册 13 个事件组...
[10:37:20] [Worker-Main-5/INFO] [NekoJS/]: [server] 正在重载 SERVER 脚本...
[10:37:20] [Worker-Main-5/INFO] [NekoJS/]: [server] 发现了 1 个 SERVER 脚本。
[10:37:20] [Worker-Main-5/INFO] [NekoJS/]: [server] Hello, World! (Loaded server example script)
[10:37:21] [main/INFO] [minecraft/RecipeManager]: Loaded 1515 recipes
[10:37:21] [main/INFO] [minecraft/AdvancementTree]: Loaded 1617 advancements
[10:37:21] [main/INFO] [ne.ne.ne.co.cr.RecipePriorityManager/]: Loaded 0 recipe priority overrides
[10:37:21] [NekoJS-Log-Flusher/INFO] [NekoJS/]: [server] SERVER 脚本重载完毕。
[10:37:21] [Server thread/INFO] [minecraft/DedicatedServer]: Starting minecraft server version 26.1.2
[10:37:21] [Server thread/INFO] [minecraft/DedicatedServer]: Loading properties
[10:37:21] [Server thread/INFO] [minecraft/DedicatedServer]: Default game type: SURVIVAL
[10:37:21] [Server thread/INFO] [minecraft/MinecraftServer]: Generating keypair
[10:37:21] [Server thread/INFO] [minecraft/DedicatedServer]: Starting Minecraft server on *:25971
[10:37:21] [Server thread/WARN] [minecraft/DedicatedServer]: **** SERVER IS RUNNING IN OFFLINE/INSECURE MODE!
[10:37:21] [Server thread/WARN] [minecraft/DedicatedServer]: The server will make no attempt to authenticate usernames. Beware.
[10:37:21] [Server thread/WARN] [minecraft/DedicatedServer]: While this makes the game possible to play without internet access, it also opens up the ability for hackers to connect with any username they choose.
[10:37:21] [Server thread/WARN] [minecraft/DedicatedServer]: To change this, set "online-mode" to "true" in the server.properties file.
[10:37:21] [Server thread/INFO] [minecraft/DedicatedServer]: Preparing level "world"
[10:37:21] [Server thread/INFO] [minecraft/LoggingLevelLoadListener]: Loading 49 persistent chunks...
[10:37:21] [Server thread/INFO] [minecraft/LoggingLevelLoadListener]: Preparing spawn area: 16%
[10:37:21] [Server thread/INFO] [minecraft/LoggingLevelLoadListener]: Time elapsed: 145 ms
[10:37:21] [Server thread/INFO] [minecraft/DedicatedServer]: Done (0.344s)! For help, type "help"
[10:37:21] [Server thread/INFO] [minecraft/DedicatedServer]: Starting remote control listener
[10:37:21] [Server thread/INFO] [minecraft/GenericThread]: Thread RCON Listener started
[10:37:21] [Server thread/INFO] [minecraft/RconThread]: RCON running on 0.0.0.0:25972
[10:37:21] [Server thread/INFO] [minecraft/MinecraftServer]: Saving chunks for level 'ServerLevel[world]'/minecraft:overworld
[10:37:21] [Server thread/INFO] [minecraft/MinecraftServer]: Saving chunks for level 'ServerLevel[world]'/minecraft:the_end
[10:37:21] [Server thread/INFO] [minecraft/MinecraftServer]: Saving chunks for level 'ServerLevel[world]'/minecraft:the_nether
[10:37:21] [Server thread/INFO] [minecraft/MinecraftServer]: ThreadedAnvilChunkStorage (world): All chunks are saved
[10:37:21] [Server thread/INFO] [minecraft/MinecraftServer]: ThreadedAnvilChunkStorage (DIM1): All chunks are saved
[10:37:21] [Server thread/INFO] [minecraft/MinecraftServer]: ThreadedAnvilChunkStorage (DIM-1): All chunks are saved
[10:37:21] [Server thread/INFO] [minecraft/MinecraftServer]: ThreadedAnvilChunkStorage: All dimensions are saved
[10:37:21] [Server thread/INFO] [ne.ne.ne.se.pe.PermissionAPI/]: Successfully initialized permission handler neoforge:default_handler
[10:37:53] [RCON Listener #1/INFO] [minecraft/GenericThread]: Thread RCON Client /127.0.0.1 started
[10:37:53] [Server thread/INFO] [minecraft/MinecraftServer]: [Rcon: Killed 51 entities]
[10:37:53] [RCON Client /127.0.0.1 #2/INFO] [minecraft/RconClient]: Thread RCON Client /127.0.0.1 shutting down
[10:37:55] [RCON Listener #1/INFO] [minecraft/GenericThread]: Thread RCON Client /127.0.0.1 started
[10:37:55] [Server thread/INFO] [minecraft/MinecraftServer]: [Rcon: Summoned new Cow]
[10:37:55] [Server thread/INFO] [minecraft/MinecraftServer]: [Rcon: Summoned new Cow]
[10:37:55] [Server thread/INFO] [minecraft/MinecraftServer]: [Rcon: Summoned new Cow]
[10:37:55] [Server thread/INFO] [minecraft/MinecraftServer]: [Rcon: Summoned new Pig]
[10:37:55] [Server thread/INFO] [minecraft/MinecraftServer]: [Rcon: Summoned new Bee]
[10:37:55] [RCON Client /127.0.0.1 #3/INFO] [minecraft/RconClient]: Thread RCON Client /127.0.0.1 shutting down
[10:37:59] [RCON Listener #1/INFO] [minecraft/GenericThread]: Thread RCON Client /127.0.0.1 started
[10:37:59] [Server thread/INFO] [NekoJS/]: 正在为 TEST 注册 13 个事件组...
[10:37:59] [Server thread/INFO] [NekoJS/]: [test] 正在运行 TEST 脚本...
[10:37:59] [Server thread/INFO] [NekoJS/]: [test] 发现了 8 个 TEST 脚本。
[10:37:59] [Server thread/ERROR] [NekoJS/]: [test] Script binding-preflight unknown-identifier fn callback exception:
环境: TEST
位置: test_scripts/q25-diag5.js:18:14
原因: Unknown identifier 'fn'. Did you mean 'b'?

   16 |   let result;
   17 |   try {
 > 18 |     result = fn();
     |              ^
   19 |   } catch (e) {
   20 |     result = 'THREW: ' + e.message;
[10:37:59] [Server thread/ERROR] [NekoJS/]: [test] Script binding-preflight unknown-identifier fn callback exception:
环境: TEST
位置: test_scripts/q25-diag5.js:18:14
原因: Unknown identifier 'fn'. Did you mean 'b'?
频次: 连续发生了 2 次

   16 |   let result;
   17 |   try {
 > 18 |     result = fn();
     |              ^
   19 |   } catch (e) {
   20 |     result = 'THREW: ' + e.message;
[10:37:59] [Server thread/INFO] [NekoJS/]: [test] [NekoJS Test][SECTION] q25.diag5
[10:37:59] [Server thread/INFO] [NekoJS/]: [test] [NekoJS Test][PASS] diag5: allEntities=67
[10:37:59] [Server thread/INFO] [NekoJS/]: [test] [NekoJS Test][PASS] diag5: create(b => b.type(cow).limit(16)).size() [fix target] -> 3
[10:37:59] [Server thread/INFO] [NekoJS/]: [test] [NekoJS Test][PASS] diag5: builder().type(cow).limit(16).create().findEntities(source).size() -> 3
[10:37:59] [Server thread/INFO] [NekoJS/]: [test] [NekoJS Test][PASS] diag5: create(b => b.type(cow,true).limit(16)) [inverse] -> 16
[10:37:59] [Server thread/INFO] [NekoJS/]: [test] [NekoJS Test][PASS] diag5: create(b => b.typeTag(beehive_inhabitors).limit(16)) [fix target] -> 1
[10:37:59] [Server thread/INFO] [NekoJS/]: [test] [NekoJS Test][PASS] diag5: create(b => b.typeTag(flowers).limit(16)) [tag with no entities] -> 0
[10:37:59] [Server thread/INFO] [NekoJS/]: [test] [NekoJS Test][PASS] diag5: create(b => b.limit(16)) [no filter -> player-only] -> 0
[10:37:59] [Server thread/INFO] [NekoJS/]: [test] [NekoJS Test][PASS] diag5: create(b => b.gamemode(survival).limit(16)) [player-only] -> 0
[10:37:59] [Server thread/INFO] [NekoJS/]: [test] [NekoJS Test][PASS] diag5: create(b => b.level(0,100).limit(16)) [player-only] -> 0
[10:37:59] [Server thread/INFO] [NekoJS/]: [test] [NekoJS Test][PASS] diag5: create(b => b.type(player).limit(16)) [player type] -> 0
[10:37:59] [Server thread/INFO] [NekoJS/]: [test] [NekoJS Test][PASS] diag5: create(null) -> THREW: EntitySelectors.create: config must not be null
[10:37:59] [Server thread/INFO] [NekoJS/]: [test] [NekoJS Test][PASS] diag5: find(level, null, 0,0,0) -> THREW: EntitySelectors.find: selector must not be null
[10:37:59] [Server thread/INFO] [NekoJS/]: [test] [NekoJS Test][PASS] diag5: find(null, allPlayers().create()) -> THREW: EntitySelectors.find: level must not be null
[10:37:59] [Server thread/INFO] [NekoJS/]: [test] [NekoJS Test][PASS] diag5: builder().limit(0) -> THREW: EntitySelectors.limit: limit must be at least 1
[10:37:59] [Server thread/INFO] [NekoJS/]: [test] [NekoJS Test][PASS] diag5: builder().distance(5,1) -> THREW: EntitySelectors.distance: min distance cannot be greater than max distance
[10:37:59] [Server thread/INFO] [NekoJS/]: [test] [NekoJS Test][PASS] diag5: builder().distanceAbove(-1) -> THREW: EntitySelectors.distanceAbove: distance cannot be negative
[10:37:59] [Server thread/INFO] [NekoJS/]: [test] [NekoJS Test][PASS] diag5: builder().level(5,1) -> THREW: EntitySelectors.level: min level cannot be greater than max level
[10:37:59] [Server thread/INFO] [NekoJS/]: [test] [NekoJS Test][PASS] diag5: builder().typeTag('nekojs:no_such_tag') -> com.tkisor.nekojs.util.selector.EntitySelectorBuilderJS@6b86e929
[10:37:59] [Server thread/INFO] [NekoJS/]: [test] [NekoJS Test][PASS] diag5: builder().name('x').limit(16) -> 0
[10:37:59] [Server thread/INFO] [NekoJS/]: [test] [NekoJS Test][SUMMARY] 19 passed, 0 failed
[10:37:59] [Server thread/INFO] [NekoJS/]: [test] [NekoJS Test][SECTION] DataMap.query
[10:37:59] [Server thread/INFO] [NekoJS/]: [test] [NekoJS Test][PASS] coal burnTime (vanilla furnace fuel data map)
[10:37:59] [Server thread/INFO] [NekoJS/]: [test] [NekoJS Test][PASS] apple compostable chance is a snapshot number in (0,1], got: 0.6499999761581421
[10:37:59] [Server thread/INFO] [NekoJS/]: [test] [NekoJS Test][PASS] stone is not fuel -> null
[10:37:59] [Server thread/INFO] [NekoJS/]: [test] [NekoJS Test][PASS] stone is not compostable -> null
[10:37:59] [Server thread/INFO] [NekoJS/]: [test] [NekoJS Test][PASS] type conversion: string id -> ItemStack via engine type wrapping
[10:37:59] [Server thread/INFO] [NekoJS/]: [test] [NekoJS Test][PASS] number is not an ItemStack -> error
[10:37:59] [Server thread/ERROR] [NekoJS/]: [test] 脚本执行失败: nekojs:test/_hold/datamap-query.js
环境: TEST
位置: test_scripts/_hold/datamap-query.js:33:1
原因: Expected function to throw

   31 | Test.assertThrows(() => DataMap.furnaceFuel(null), 'null stack -> labeled error');
   32 | Test.assertThrows(() => DataMap.compostable(null), 'null stack -> labeled error');
 > 33 | 
     | ^
   34 | // 只读：查询方法存在且无写入面（变异面不存在于 DataMap 域；registry mutation 只归 Registry Runtime）
   35 | Test.assertTrue(typeof DataMap.furnaceFuel === 'function', 'furnaceFuel is a query function');

堆栈: at anonymous (test_scripts/_hold/datamap-query.js:33)
[10:37:59] [Server thread/INFO] [NekoJS/]: [test] [NekoJS Test][SECTION] EntitySelectors.illegal.location
[10:37:59] [Server thread/ERROR] [NekoJS/]: [test] 脚本执行失败: nekojs:test/_hold/entityselectors-illegal-location.js
环境: TEST
位置: test_scripts/_hold/entityselectors-illegal-location.js:17:17
原因: selector must not be null

   15 | const illegal = EntitySelectors.find(level, null, 0, 0, 0);
   16 | 
 > 17 | // 若走到这里说明错误语义被破坏 —— 明确失败
     |                 ^
   18 | Test.fail('illegal selector call did NOT throw (got ' + illegal + ') — AC3 error semantics broken');

堆栈: at anonymous (test_scripts/_hold/entityselectors-illegal-location.js:17)
[10:37:59] [Server thread/INFO] [NekoJS/]: [test] [NekoJS Test][SECTION] EntitySelectors.query
[10:37:59] [Server thread/INFO] [NekoJS/]: [test] [NekoJS Test][PASS] dedicated server is running
[10:37:59] [Server thread/INFO] [NekoJS/]: [test] [NekoJS Test][PASS] overworld ServerLevel obtained
[10:37:59] [Server thread/ERROR] [NekoJS/]: [test] 脚本执行失败: nekojs:test/_hold/entityselectors-query.js
环境: TEST
位置: test_scripts/_hold/entityselectors-query.js:41:1
原因: Expected 1 but got 0

   39 | Test.assertEquals(1, sizeOf(b => b.tag('nekojs_q25_c1').limit(16)),
   40 |   'tag query returns exactly the tagged cow');
 > 41 | 
     | ^
   42 | // ---- builder 语法：type 正选 / 反选 / 组合 ----
   43 | Test.assertEquals(1, sizeOf(b => b.tag('nekojs_q25_c1').type('minecraft:cow').limit(16)),

堆栈: at anonymous (test_scripts/_hold/entityselectors-query.js:41)
[10:37:59] [Server thread/ERROR] [NekoJS/]: [test] Script binding-preflight chain-member EMPTY callback exception:
环境: TEST
位置: test_scripts/_hold/q25-diag.js:78:77
原因: no member 'EMPTY' on ItemStack

   76 | 
   77 | tryCall('furnaceFuel(null)', () => DataMap.furnaceFuel(null));
 > 78 | tryCall('furnaceFuel(ItemStack.EMPTY)', () => DataMap.furnaceFuel(ItemStack.EMPTY));
     |                                                                             ^
   79 | tryCall('furnaceFuel(42)', () => DataMap.furnaceFuel(42));
   80 | tryCall('furnaceFuel({})', () => DataMap.furnaceFuel({}));
[10:37:59] [Server thread/ERROR] [NekoJS/]: [test] Script binding-preflight chain-member EMPTY callback exception:
环境: TEST
位置: test_scripts/_hold/q25-diag.js:78:77
原因: no member 'EMPTY' on ItemStack
频次: 连续发生了 2 次

   76 | 
   77 | tryCall('furnaceFuel(null)', () => DataMap.furnaceFuel(null));
 > 78 | tryCall('furnaceFuel(ItemStack.EMPTY)', () => DataMap.furnaceFuel(ItemStack.EMPTY));
     |                                                                             ^
   79 | tryCall('furnaceFuel(42)', () => DataMap.furnaceFuel(42));
   80 | tryCall('furnaceFuel({})', () => DataMap.furnaceFuel({}));
[10:37:59] [Server thread/INFO] [NekoJS/]: [test] [NekoJS Test][SECTION] q25.diag
[10:37:59] [Server thread/INFO] [NekoJS/]: [test] [NekoJS Test][PASS] diag: source pos=(0.0, -60.0, 0.0) level=ServerLevel[world]
[10:37:59] [Server thread/INFO] [NekoJS/]: [test] [NekoJS Test][PASS] diag: level.getAllEntities().size()=67
[10:37:59] [Server thread/INFO] [NekoJS/]: [test] [NekoJS Test][PASS] diag: scoreboard-tagged(q25diag) count=0 cow-ish count=3
[10:37:59] [Server thread/INFO] [NekoJS/]: [test] [NekoJS Test][PASS] diag: [builder().tag+limit] -> 0
[10:37:59] [Server thread/INFO] [NekoJS/]: [test] [NekoJS Test][PASS] diag: [builder().type cow+limit] -> 3
[10:37:59] [Server thread/INFO] [NekoJS/]: [test] [NekoJS Test][PASS] diag: [builder().tag+type cow+limit] -> 0
[10:37:59] [Server thread/INFO] [NekoJS/]: [test] [NekoJS Test][PASS] diag: [allEntities().tag+limit] -> THREW: invokeMember (find) on com.tkisor.nekojs.util.selector.EntitySelectorsJS failed due to: no applicable overload found (overloads: [Method[public java.util.List com.tkisor.nekojs.util.selector.EntitySelectorsJS.find(net.minecraft.server.level.ServerLevel,net.minecraft.commands.arguments.selector.EntitySelector)], Method[public java.util.List com.tkisor.nekojs.util.selector.EntitySelectorsJS.find(net.minecraft.server.level.ServerLevel,net.minecraft.commands.arguments.selector.EntitySelector,double,double,double)]], arguments: [JavaObject[ServerLevel[world] (net.minecraft.server.level.ServerLevel)] (HostObject), JavaObject[com.tkisor.nekojs.util.selector.EntitySelectorBuilderJS@3ab8688d (com.tkisor.nekojs.util.selector.EntitySelectorBuilderJS)] (HostObject), 0.0 (Double), -59.0 (Double), 0.0 (Double)])
[10:37:59] [Server thread/INFO] [NekoJS/]: [test] [NekoJS Test][PASS] diag: [allEntities().type cow+limit] -> THREW: invokeMember (find) on com.tkisor.nekojs.util.selector.EntitySelectorsJS failed due to: no applicable overload found (overloads: [Method[public java.util.List com.tkisor.nekojs.util.selector.EntitySelectorsJS.find(net.minecraft.server.level.ServerLevel,net.minecraft.commands.arguments.selector.EntitySelector)], Method[public java.util.List com.tkisor.nekojs.util.selector.EntitySelectorsJS.find(net.minecraft.server.level.ServerLevel,net.minecraft.commands.arguments.selector.EntitySelector,double,double,double)]], arguments: [JavaObject[ServerLevel[world] (net.minecraft.server.level.ServerLevel)] (HostObject), JavaObject[com.tkisor.nekojs.util.selector.EntitySelectorBuilderJS@41cd230e (com.tkisor.nekojs.util.selector.EntitySelectorBuilderJS)] (HostObject), 0.0 (Double), -59.0 (Double), 0.0 (Double)])
[10:37:59] [Server thread/INFO] [NekoJS/]: [test] [NekoJS Test][PASS] diag: [allEntities().limit(16)] -> THREW: invokeMember (find) on com.tkisor.nekojs.util.selector.EntitySelectorsJS failed due to: no applicable overload found (overloads: [Method[public java.util.List com.tkisor.nekojs.util.selector.EntitySelectorsJS.find(net.minecraft.server.level.ServerLevel,net.minecraft.commands.arguments.selector.EntitySelector)], Method[public java.util.List com.tkisor.nekojs.util.selector.EntitySelectorsJS.find(net.minecraft.server.level.ServerLevel,net.minecraft.commands.arguments.selector.EntitySelector,double,double,double)]], arguments: [JavaObject[ServerLevel[world] (net.minecraft.server.level.ServerLevel)] (HostObject), JavaObject[com.tkisor.nekojs.util.selector.EntitySelectorBuilderJS@1e0feac8 (com.tkisor.nekojs.util.selector.EntitySelectorBuilderJS)] (HostObject), 0.0 (Double), -59.0 (Double), 0.0 (Double)])
[10:37:59] [Server thread/INFO] [NekoJS/]: [test] [NekoJS Test][PASS] diag: DataMap.furnaceFuel(null) -> null
[10:37:59] [Server thread/INFO] [NekoJS/]: [test] [NekoJS Test][PASS] diag: DataMap.furnaceFuel(ItemStack.EMPTY) -> null
[10:37:59] [Server thread/INFO] [NekoJS/]: [test] [NekoJS Test][PASS] diag: DataMap.furnaceFuel(42) -> THREW(java): invokeMember (furnaceFuel) on com.tkisor.nekojs.bindings.static_access.DataMapJS failed due to: Cannot convert '42'(language: Java, type: java.lang.Integer) to Java type 'net.minecraft.world.item.ItemStack': Unsupported target type.
[10:37:59] [Server thread/INFO] [NekoJS/]: [test] [NekoJS Test][PASS] diag: DataMap.furnaceFuel({}) -> THREW(java): invokeMember (furnaceFuel) on com.tkisor.nekojs.bindings.static_access.DataMapJS failed due to: Cannot convert '[object Object]'(language: JavaScript, type: Object) to Java type 'net.minecraft.world.item.ItemStack': Unsupported target type.
[10:37:59] [Server thread/INFO] [NekoJS/]: [test] [NekoJS Test][PASS] diag: DataMap.furnaceFuel(undefined) -> null
[10:37:59] [Server thread/INFO] [NekoJS/]: [test] [NekoJS Test][PASS] diag: DataMap.compostable(null) -> null
[10:37:59] [Server thread/INFO] [NekoJS/]: [test] [NekoJS Test][PASS] diag: DataMap.furnaceFuel('minecraft:coal') -> 1600
[10:37:59] [Server thread/INFO] [NekoJS/]: [test] [NekoJS Test][PASS] diag: DataMap.furnaceFuel('minecraft:not_an_item') -> THREW(class com.tkisor.nekojs.api.data.ValueConversionException): [NekoJS] Cannot convert Identifier to net.minecraft.world.item.ItemStack (expected registered item id): Item not found: minecraft:not_an_item
[10:37:59] [Server thread/INFO] [NekoJS/]: [test] [NekoJS Test][PASS] diag: EntitySelectors.find(level,null,0,0,0) -> full message = EntitySelectors.find: selector must not be null ||| toString = java.lang.IllegalArgumentException: EntitySelectors.find: selector must not be null
[10:37:59] [Server thread/INFO] [NekoJS/]: [test] [NekoJS Test][PASS] diag: EntitySelectors.find(null, selector) -> full message = EntitySelectors.find: level must not be null ||| toString = java.lang.IllegalArgumentException: EntitySelectors.find: level must not be null
[10:37:59] [Server thread/INFO] [NekoJS/]: [test] [NekoJS Test][PASS] diag: builder().limit(0) -> full message = EntitySelectors.limit: limit must be at least 1 ||| toString = java.lang.IllegalArgumentException: EntitySelectors.limit: limit must be at least 1
[10:37:59] [Server thread/INFO] [NekoJS/]: [test] [NekoJS Test][PASS] diag: builder().type('nekojs:no_such_type') -> full message = EntitySelectors.type: unknown entity type: nekojs:no_such_type ||| toString = java.lang.IllegalArgumentException: EntitySelectors.type: unknown entity type: nekojs:no_such_type
[10:37:59] [Server thread/INFO] [NekoJS/]: [test] [NekoJS Test][PASS] diag: builder().gamemode('hacker') -> full message = EntitySelectors.gamemode: unknown gamemode: hacker ||| toString = java.lang.IllegalArgumentException: EntitySelectors.gamemode: unknown gamemode: hacker
[10:37:59] [Server thread/INFO] [NekoJS/]: [test] [NekoJS Test][PASS] diag: builder().distance(-1,5) -> full message = EntitySelectors.distance: distance cannot be negative ||| toString = java.lang.IllegalArgumentException: EntitySelectors.distance: distance cannot be negative
[10:37:59] [Server thread/INFO] [NekoJS/]: [test] [NekoJS Test][SUMMARY] 50 passed, 2 failed
[10:37:59] [Server thread/INFO] [NekoJS/]: [test] [NekoJS Test][SECTION] q25.diag2
[10:37:59] [Server thread/INFO] [NekoJS/]: [test] [NekoJS Test][PASS] diag2: before hasChunkAt=true entityTicking=true allEntities=67
[10:37:59] [Server thread/INFO] [NekoJS/]: [test] [NekoJS Test][PASS] diag2: level.getChunk(0,0)=object hasChunkAt=true entityTicking=true
[10:37:59] [Server thread/INFO] [NekoJS/]: [test] [NekoJS Test][PASS] diag2: after force-load+summon allEntities=67
[10:37:59] [Server thread/INFO] [NekoJS/]: [test] [NekoJS Test][PASS] diag2: find by tag -> 0
[10:37:59] [Server thread/ERROR] [NekoJS/]: [test] 脚本执行失败: nekojs:test/_hold/q25-diag2.js
环境: TEST
位置: test_scripts/_hold/q25-diag2.js:40:30
原因: getEntities

level.getChunk(0, 0).getEntities()

堆栈: at anonymous (test_scripts/_hold/q25-diag2.js:40)
[10:37:59] [Server thread/ERROR] [NekoJS/]: [test] Script binding-preflight unknown-identifier fn callback exception:
环境: TEST
位置: test_scripts/_hold/q25-diag3.js:42:14
原因: Unknown identifier 'fn'. Did you mean 'ax'?

   40 |   let result;
   41 |   try {
 > 42 |     result = fn();
     |              ^
   43 |   } catch (e) {
   44 |     result = 'THREW: ' + e.message;
[10:37:59] [Server thread/ERROR] [NekoJS/]: [test] Script binding-preflight unknown-identifier fn callback exception:
环境: TEST
位置: test_scripts/_hold/q25-diag3.js:42:14
原因: Unknown identifier 'fn'. Did you mean 'ax'?
频次: 连续发生了 2 次

   40 |   let result;
   41 |   try {
 > 42 |     result = fn();
     |              ^
   43 |   } catch (e) {
   44 |     result = 'THREW: ' + e.message;
[10:37:59] [Server thread/INFO] [NekoJS/]: [test] [NekoJS Test][SECTION] q25.diag3
[10:37:59] [Server thread/INFO] [NekoJS/]: [test] [NekoJS Test][PASS] diag3: anchor=(0.0, -60.0, 0.0) level=ServerLevel[world]
[10:37:59] [Server thread/INFO] [NekoJS/]: [test] [NekoJS Test][PASS] diag3: allEntities=67
[10:37:59] [Server thread/INFO] [NekoJS/]: [test] [NekoJS Test][PASS] diag3: tagged(q25f)=4 cows=3
[10:37:59] [Server thread/INFO] [NekoJS/]: [test] [NekoJS Test][PASS] diag3: [] -> 0
[10:37:59] [Server thread/INFO] [NekoJS/]: [test] [NekoJS Test][PASS] diag3: builder().tag(q25f).limit(16) -> 0
[10:37:59] [Server thread/INFO] [NekoJS/]: [test] [NekoJS Test][PASS] diag3: [] -> 3
[10:37:59] [Server thread/INFO] [NekoJS/]: [test] [NekoJS Test][PASS] diag3: builder().type(cow).limit(16) -> 3
[10:37:59] [Server thread/INFO] [NekoJS/]: [test] [NekoJS Test][PASS] diag3: [] -> 3
[10:37:59] [Server thread/INFO] [NekoJS/]: [test] [NekoJS Test][PASS] diag3: builder().tag+type(cow)+limit(16) -> 3
[10:37:59] [Server thread/INFO] [NekoJS/]: [test] [NekoJS Test][PASS] diag3: [] -> 1
[10:37:59] [Server thread/INFO] [NekoJS/]: [test] [NekoJS Test][PASS] diag3: builder().tag+type(cow,true)+limit(16) -> 1
[10:37:59] [Server thread/INFO] [NekoJS/]: [test] [NekoJS Test][PASS] diag3: [] -> THREW: invokeMember (find) on com.tkisor.nekojs.util.selector.EntitySelectorsJS failed due to: no applicable overload found (overloads: [Method[public java.util.List com.tkisor.nekojs.util.selector.EntitySelectorsJS.find(net.minecraft.server.level.ServerLevel,net.minecraft.commands.arguments.selector.EntitySelector)], Method[public java.util.List com.tkisor.nekojs.util.selector.EntitySelectorsJS.find(net.minecraft.server.level.ServerLevel,net.minecraft.commands.arguments.selector.EntitySelector,double,double,double)]], arguments: [JavaObject[ServerLevel[world] (net.minecraft.server.level.ServerLevel)] (HostObject), JavaObject[com.tkisor.nekojs.util.selector.EntitySelectorBuilderJS@63481084 (com.tkisor.nekojs.util.selector.EntitySelectorBuilderJS)] (HostObject), 0.0 (Double), -60.0 (Double), 0.0 (Double)])
[10:37:59] [Server thread/INFO] [NekoJS/]: [test] [NekoJS Test][PASS] diag3: allEntities().tag(q25f).limit(16) -> THREW: invokeMember (find) on com.tkisor.nekojs.util.selector.EntitySelectorsJS failed due to: no applicable overload found (overloads: [Method[public java.util.List com.tkisor.nekojs.util.selector.EntitySelectorsJS.find(net.minecraft.server.level.ServerLevel,net.minecraft.commands.arguments.selector.EntitySelector)], Method[public java.util.List com.tkisor.nekojs.util.selector.EntitySelectorsJS.find(net.minecraft.server.level.ServerLevel,net.minecraft.commands.arguments.selector.EntitySelector,double,double,double)]], arguments: [JavaObject[ServerLevel[world] (net.minecraft.server.level.ServerLevel)] (HostObject), JavaObject[com.tkisor.nekojs.util.selector.EntitySelectorBuilderJS@63481084 (com.tkisor.nekojs.util.selector.EntitySelectorBuilderJS)] (HostObject), 0.0 (Double), -60.0 (Double), 0.0 (Double)])
[10:37:59] [Server thread/INFO] [NekoJS/]: [test] [NekoJS Test][PASS] diag3: [] -> THREW: invokeMember (find) on com.tkisor.nekojs.util.selector.EntitySelectorsJS failed due to: no applicable overload found (overloads: [Method[public java.util.List com.tkisor.nekojs.util.selector.EntitySelectorsJS.find(net.minecraft.server.level.ServerLevel,net.minecraft.commands.arguments.selector.EntitySelector)], Method[public java.util.List com.tkisor.nekojs.util.selector.EntitySelectorsJS.find(net.minecraft.server.level.ServerLevel,net.minecraft.commands.arguments.selector.EntitySelector,double,double,double)]], arguments: [JavaObject[ServerLevel[world] (net.minecraft.server.level.ServerLevel)] (HostObject), JavaObject[com.tkisor.nekojs.util.selector.EntitySelectorBuilderJS@2631ac45 (com.tkisor.nekojs.util.selector.EntitySelectorBuilderJS)] (HostObject), 0.0 (Double), -60.0 (Double), 0.0 (Double)])
[10:37:59] [Server thread/INFO] [NekoJS/]: [test] [NekoJS Test][PASS] diag3: allEntities().type(cow).limit(16) -> THREW: invokeMember (find) on com.tkisor.nekojs.util.selector.EntitySelectorsJS failed due to: no applicable overload found (overloads: [Method[public java.util.List com.tkisor.nekojs.util.selector.EntitySelectorsJS.find(net.minecraft.server.level.ServerLevel,net.minecraft.commands.arguments.selector.EntitySelector)], Method[public java.util.List com.tkisor.nekojs.util.selector.EntitySelectorsJS.find(net.minecraft.server.level.ServerLevel,net.minecraft.commands.arguments.selector.EntitySelector,double,double,double)]], arguments: [JavaObject[ServerLevel[world] (net.minecraft.server.level.ServerLevel)] (HostObject), JavaObject[com.tkisor.nekojs.util.selector.EntitySelectorBuilderJS@2631ac45 (com.tkisor.nekojs.util.selector.EntitySelectorBuilderJS)] (HostObject), 0.0 (Double), -60.0 (Double), 0.0 (Double)])
[10:37:59] [Server thread/INFO] [NekoJS/]: [test] [NekoJS Test][PASS] diag3: [] -> THREW: invokeMember (find) on com.tkisor.nekojs.util.selector.EntitySelectorsJS failed due to: no applicable overload found (overloads: [Method[public java.util.List com.tkisor.nekojs.util.selector.EntitySelectorsJS.find(net.minecraft.server.level.ServerLevel,net.minecraft.commands.arguments.selector.EntitySelector)], Method[public java.util.List com.tkisor.nekojs.util.selector.EntitySelectorsJS.find(net.minecraft.server.level.ServerLevel,net.minecraft.commands.arguments.selector.EntitySelector,double,double,double)]], arguments: [JavaObject[ServerLevel[world] (net.minecraft.server.level.ServerLevel)] (HostObject), JavaObject[com.tkisor.nekojs.util.selector.EntitySelectorBuilderJS@3c73c12d (com.tkisor.nekojs.util.selector.EntitySelectorBuilderJS)] (HostObject), 0.0 (Double), -60.0 (Double), 0.0 (Double)])
[10:37:59] [Server thread/INFO] [NekoJS/]: [test] [NekoJS Test][PASS] diag3: allEntities().limit(16) -> THREW: invokeMember (find) on com.tkisor.nekojs.util.selector.EntitySelectorsJS failed due to: no applicable overload found (overloads: [Method[public java.util.List com.tkisor.nekojs.util.selector.EntitySelectorsJS.find(net.minecraft.server.level.ServerLevel,net.minecraft.commands.arguments.selector.EntitySelector)], Method[public java.util.List com.tkisor.nekojs.util.selector.EntitySelectorsJS.find(net.minecraft.server.level.ServerLevel,net.minecraft.commands.arguments.selector.EntitySelector,double,double,double)]], arguments: [JavaObject[ServerLevel[world] (net.minecraft.server.level.ServerLevel)] (HostObject), JavaObject[com.tkisor.nekojs.util.selector.EntitySelectorBuilderJS@3c73c12d (com.tkisor.nekojs.util.selector.EntitySelectorBuilderJS)] (HostObject), 0.0 (Double), -60.0 (Double), 0.0 (Double)])
[10:37:59] [Server thread/INFO] [NekoJS/]: [test] [NekoJS Test][PASS] diag3: [] -> 0
[10:37:59] [Server thread/INFO] [NekoJS/]: [test] [NekoJS Test][PASS] diag3: builder().limit(16) [no filter] -> 0
[10:37:59] [Server thread/INFO] [NekoJS/]: [test] [NekoJS Test][PASS] diag3: [] -> 0
[10:37:59] [Server thread/INFO] [NekoJS/]: [test] [NekoJS Test][PASS] diag3: builder().tag(q25f) [no limit] -> 0
[10:37:59] [Server thread/INFO] [NekoJS/]: [test] [NekoJS Test][PASS] diag3: [] -> 0
[10:37:59] [Server thread/INFO] [NekoJS/]: [test] [NekoJS Test][PASS] diag3: builder().tag(q25f).limit(2) -> 0
[10:37:59] [Server thread/INFO] [NekoJS/]: [test] [NekoJS Test][PASS] diag3: [] -> 0
[10:37:59] [Server thread/INFO] [NekoJS/]: [test] [NekoJS Test][PASS] diag3: builder().tag(q25f_c1).limit(16) -> 0
[10:37:59] [Server thread/INFO] [NekoJS/]: [test] [NekoJS Test][PASS] diag3: [] -> 0
[10:37:59] [Server thread/INFO] [NekoJS/]: [test] [NekoJS Test][PASS] diag3: tag(q25f).distanceBelow(8).limit(16) -> 0
[10:37:59] [Server thread/INFO] [NekoJS/]: [test] [NekoJS Test][PASS] diag3: [] -> 0
[10:37:59] [Server thread/INFO] [NekoJS/]: [test] [NekoJS Test][PASS] diag3: tag(q25f).distanceAbove(8).limit(16) -> 0
[10:37:59] [Server thread/INFO] [NekoJS/]: [test] [NekoJS Test][PASS] diag3: [] -> 0
[10:37:59] [Server thread/INFO] [NekoJS/]: [test] [NekoJS Test][PASS] diag3: tag(q25f).orderNearest().limit(1) -> 0
[10:37:59] [Server thread/INFO] [NekoJS/]: [test] [NekoJS Test][PASS] diag3: [] -> 0
[10:37:59] [Server thread/INFO] [NekoJS/]: [test] [NekoJS Test][PASS] diag3: tag(q25f).x/y/z box -> 0
[10:37:59] [Server thread/INFO] [NekoJS/]: [test] [NekoJS Test][PASS] diag3: [] -> THREW: invokeMember (find) on com.tkisor.nekojs.util.selector.EntitySelectorsJS failed due to: no applicable overload found (overloads: [Method[public java.util.List com.tkisor.nekojs.util.selector.EntitySelectorsJS.find(net.minecraft.server.level.ServerLevel,net.minecraft.commands.arguments.selector.EntitySelector)], Method[public java.util.List com.tkisor.nekojs.util.selector.EntitySelectorsJS.find(net.minecraft.server.level.ServerLevel,net.minecraft.commands.arguments.selector.EntitySelector,double,double,double)]], arguments: [JavaObject[ServerLevel[world] (net.minecraft.server.level.ServerLevel)] (HostObject), JavaObject[com.tkisor.nekojs.util.selector.EntitySelectorBuilderJS@39bf30c7 (com.tkisor.nekojs.util.selector.EntitySelectorBuilderJS)] (HostObject), 0.0 (Double), -60.0 (Double), 0.0 (Double)])
[10:37:59] [Server thread/INFO] [NekoJS/]: [test] [NekoJS Test][PASS] diag3: allPlayers().limit(16) -> THREW: invokeMember (find) on com.tkisor.nekojs.util.selector.EntitySelectorsJS failed due to: no applicable overload found (overloads: [Method[public java.util.List com.tkisor.nekojs.util.selector.EntitySelectorsJS.find(net.minecraft.server.level.ServerLevel,net.minecraft.commands.arguments.selector.EntitySelector)], Method[public java.util.List com.tkisor.nekojs.util.selector.EntitySelectorsJS.find(net.minecraft.server.level.ServerLevel,net.minecraft.commands.arguments.selector.EntitySelector,double,double,double)]], arguments: [JavaObject[ServerLevel[world] (net.minecraft.server.level.ServerLevel)] (HostObject), JavaObject[com.tkisor.nekojs.util.selector.EntitySelectorBuilderJS@39bf30c7 (com.tkisor.nekojs.util.selector.EntitySelectorBuilderJS)] (HostObject), 0.0 (Double), -60.0 (Double), 0.0 (Double)])
[10:37:59] [Server thread/INFO] [NekoJS/]: [test] [NekoJS Test][PASS] diag3: [] -> 0
[10:37:59] [Server thread/INFO] [NekoJS/]: [test] [NekoJS Test][PASS] diag3: allPlayers().create() [no limit] -> 0
[10:37:59] [Server thread/INFO] [NekoJS/]: [test] [NekoJS Test][SUMMARY] 91 passed, 2 failed
[10:37:59] [Server thread/INFO] [NekoJS/]: [test] [NekoJS Test][SECTION] q25.diag4
[10:37:59] [Server thread/INFO] [NekoJS/]: [test] [NekoJS Test][PASS] diag4: allEntities=67
[10:37:59] [Server thread/INFO] [NekoJS/]: [test] [NekoJS Test][PASS] diag4: allEntities().limit(16).create() -> 16
[10:37:59] [Server thread/INFO] [NekoJS/]: [test] [NekoJS Test][PASS] diag4: allEntities().tag(q25f).limit(16).create() -> 4
[10:37:59] [Server thread/INFO] [NekoJS/]: [test] [NekoJS Test][PASS] diag4: allEntities().type(cow).limit(16).create() -> 3
[10:37:59] [Server thread/INFO] [NekoJS/]: [test] [NekoJS Test][PASS] diag4: allEntities().tag(q25f).type(cow).limit(16).create() -> 3
[10:37:59] [Server thread/INFO] [NekoJS/]: [test] [NekoJS Test][PASS] diag4: allEntities().tag(q25f_c1).limit(16).create() -> 1
[10:37:59] [Server thread/INFO] [NekoJS/]: [test] [NekoJS Test][PASS] diag4: allEntities().tag(q25f).limit(2).create() -> 2
[10:37:59] [Server thread/INFO] [NekoJS/]: [test] [NekoJS Test][PASS] diag4: allEntities().tag(q25f).distanceBelow(8).limit(16).create() -> 4
[10:37:59] [Server thread/INFO] [NekoJS/]: [test] [NekoJS Test][PASS] diag4: allEntities().tag(q25f).distanceAbove(8).limit(16).create() -> 0
[10:37:59] [Server thread/INFO] [NekoJS/]: [test] [NekoJS Test][PASS] diag4: allEntities().tag(q25f).orderNearest().limit(1).create() -> 1
[10:37:59] [Server thread/INFO] [NekoJS/]: [test] [NekoJS Test][PASS] diag4: allEntities().tag(q25f).type(pig,true).limit(16).create() -> 3
[10:37:59] [Server thread/INFO] [NekoJS/]: [test] [NekoJS Test][PASS] diag4: allEntities().tag(q25f).type(pig).limit(16).create() -> 1
[10:37:59] [Server thread/INFO] [NekoJS/]: [test] [NekoJS Test][PASS] diag4: allEntities().type(cow).tag(q25f).limit(16).create() [order swapped] -> 3
[10:37:59] [Server thread/INFO] [NekoJS/]: [test] [NekoJS Test][PASS] diag4: allPlayers().limit(16).create() -> 0
[10:37:59] [Server thread/INFO] [NekoJS/]: [test] [NekoJS Test][PASS] diag4: builder().type(cow).limit(16).create() -> 3
[10:37:59] [Server thread/INFO] [NekoJS/]: [test] [NekoJS Test][PASS] diag4: create(b => b.type(cow).limit(16)) -> 3
[10:37:59] [Server thread/INFO] [NekoJS/]: [test] [NekoJS Test][PASS] diag4: create(b => b.limit(16)) -> 0
[10:37:59] [Server thread/INFO] [NekoJS/]: [test] [NekoJS Test][PASS] diag4: nearestEntity().limit(16).create() -> 16
[10:37:59] [Server thread/INFO] [NekoJS/]: [test] [NekoJS Test][PASS] diag4: randomEntity().limit(16).create() -> 16
[10:37:59] [Server thread/INFO] [NekoJS/]: [test] [NekoJS Test][SUMMARY] 110 passed, 2 failed
[10:37:59] [Server thread/INFO] [minecraft/MinecraftServer]: Summoned new Cow
[10:37:59] [Server thread/INFO] [minecraft/MinecraftServer]: Summoned new Cow
[10:37:59] [Server thread/INFO] [minecraft/MinecraftServer]: Summoned new Cow
[10:37:59] [Server thread/INFO] [minecraft/MinecraftServer]: Summoned new Pig
[10:37:59] [Server thread/INFO] [minecraft/MinecraftServer]: Summoned new Cow
[10:37:59] [Server thread/INFO] [minecraft/MinecraftServer]: Summoned new Cow
[10:37:59] [RCON Client /127.0.0.1 #4/INFO] [minecraft/RconClient]: Thread RCON Client /127.0.0.1 shutting down
[10:38:00] [NekoJS-Log-Flusher/INFO] [NekoJS/]: [test] TEST 脚本运行完毕。
[10:38:24] [RCON Listener #1/INFO] [minecraft/GenericThread]: Thread RCON Client /127.0.0.1 started
[10:38:24] [Server thread/INFO] [minecraft/MinecraftServer]: [Rcon: Stopping the server]
[10:38:24] [RCON Client /127.0.0.1 #5/INFO] [minecraft/RconClient]: Thread RCON Client /127.0.0.1 shutting down
[10:38:24] [Server thread/INFO] [minecraft/MinecraftServer]: Stopping server
[10:38:24] [Server thread/INFO] [minecraft/MinecraftServer]: Saving players
[10:38:24] [Server thread/INFO] [minecraft/MinecraftServer]: Saving worlds
[10:38:24] [Server thread/INFO] [minecraft/MinecraftServer]: Saving chunks for level 'ServerLevel[world]'/minecraft:overworld
[10:38:24] [Server thread/INFO] [minecraft/MinecraftServer]: Saving chunks for level 'ServerLevel[world]'/minecraft:the_end
[10:38:24] [Server thread/INFO] [minecraft/MinecraftServer]: Saving chunks for level 'ServerLevel[world]'/minecraft:the_nether
[10:38:24] [Server thread/INFO] [minecraft/MinecraftServer]: ThreadedAnvilChunkStorage (world): All chunks are saved
[10:38:24] [Server thread/INFO] [minecraft/MinecraftServer]: ThreadedAnvilChunkStorage (DIM1): All chunks are saved
[10:38:24] [Server thread/INFO] [minecraft/MinecraftServer]: ThreadedAnvilChunkStorage (DIM-1): All chunks are saved
[10:38:24] [Server thread/INFO] [minecraft/MinecraftServer]: ThreadedAnvilChunkStorage: All dimensions are saved
[10:38:24] [Server thread/INFO] [minecraft/GenericThread]: Thread RCON Listener stopped
[10:38:24] [main/INFO] [ne.ne.fm.lo.FMLLoader/]: Closing FML Loader 406f44a
[10:38:24] [main/INFO] [ne.ne.fm.ModLoader/]: Clearing ModLoader

[Incubating] Problems report is available at: file:///D:/mcmodDemo/NekoJS/NekoJS-t25/NekoJS-mult/build/reports/problems/problems-report.html

Deprecated Gradle features were used in this build, making it incompatible with Gradle 10.

You can use '--warning-mode all' to show the individual deprecation warnings and determine if they come from your own scripts or plugins.

For more on this, please refer to https://docs.gradle.org/9.6.0/userguide/command_line_interface.html#sec:command_line_warnings in the Gradle documentation.

BUILD SUCCESSFUL in 1m 16s
24 actionable tasks: 1 executed, 23 up-to-date
