Running Stonecutter 0.9.7
> Task :buildSrc:checkKotlinGradlePluginConfigurationErrors SKIPPED
> Task :buildSrc:generateExternalPluginSpecBuilders UP-TO-DATE
> Task :buildSrc:extractPrecompiledScriptPluginPlugins UP-TO-DATE
> Task :buildSrc:compilePluginsBlocks UP-TO-DATE
> Task :buildSrc:generatePrecompiledScriptPluginAccessors UP-TO-DATE
> Task :buildSrc:generateScriptPluginAdapters UP-TO-DATE
> Task :buildSrc:compileKotlin UP-TO-DATE
> Task :buildSrc:compileJava NO-SOURCE
> Task :buildSrc:compileGroovy NO-SOURCE
> Task :buildSrc:pluginDescriptors UP-TO-DATE
> Task :buildSrc:processResources UP-TO-DATE
> Task :buildSrc:classes UP-TO-DATE
> Task :buildSrc:jar UP-TO-DATE

> Configure project :26.1.2
Parsed unknown MC version 26.1.2 from NeoForge version 26.1.2.71. Using capabilities of latest known Minecraft version 26.1-snapshot-2 with an updated Minecraft version.

> Configure project :26.1.2-fabric
Fabric Loom: 1.17.20

> Configure project :26.2.0
Parsed unknown MC version 26.2 from NeoForge version 26.2.0.57. Using capabilities of latest known Minecraft version 26.1-snapshot-2 with an updated Minecraft version.

> Configure project :26.2.0-fabric
Fabric Loom: 1.17.20

> Task :common-api-processor:processResources UP-TO-DATE
> Task :26.1.2:stonecutterPrepare UP-TO-DATE
> Task :26.1.2:stonecutterGenerate UP-TO-DATE
> Task :common:compileJava UP-TO-DATE
> Task :common:processResources UP-TO-DATE
> Task :common:classes UP-TO-DATE
> Task :common:jar UP-TO-DATE
> Task :common-api-processor:compileJava UP-TO-DATE
> Task :common-api-processor:classes UP-TO-DATE
> Task :common-api-processor:jar UP-TO-DATE
> Task :26.1.2:createMinecraftArtifacts UP-TO-DATE
> Task :26.1.2:compileJava UP-TO-DATE
> Task :26.1.2:generateModMetadata UP-TO-DATE
> Task :26.1.2:processResources UP-TO-DATE
> Task :26.1.2:classes UP-TO-DATE
> Task :26.1.2:downloadAssets UP-TO-DATE
> Task :26.1.2:prepareServerRun UP-TO-DATE

> Task :26.1.2:runServer
2026-09-13T02:42:32.559658500Z main WARN Advanced terminal features are not available in this environment
[10:42:32] [main/INFO] [ne.ne.fm.st.Entrypoint/]: JVM Uptime at startup: 126ms
[10:42:32] [main/INFO] [ne.ne.fm.lo.FMLLoader/]: Starting FancyModLoader version 11.0.13 (DEDICATED_SERVER in DEV)
[10:42:32] [main/INFO] [ne.ne.fm.lo.FMLLoader/]: Game directory: D:\mcmodDemo\NekoJS\NekoJS-t25\NekoJS-mult\versions\26.1.2\run
[10:42:32] [main/INFO] [ne.ne.fm.lo.EarlyServiceDiscovery/]: Found 2 early service jars (out of 110) in 17ms
[10:42:32] [main/INFO] [ne.ne.fm.lo.FMLLoader/]: Loading FML Early Services:
[10:42:32] [main/INFO] [ne.ne.fm.lo.FMLLoader/]:  - C:/Users/11515/.gradle/caches/modules-2/files-2.1/net.neoforged.fancymodloader/earlydisplay/11.0.13/491a1bedecb33802fa118cae384b60f91f6f0241/earlydisplay-11.0.13.jar
[10:42:32] [main/INFO] [ne.ne.fm.lo.FMLLoader/]:  - C:/Users/11515/.gradle/caches/modules-2/files-2.1/net.neoforged.fancymodloader/loader/11.0.13/c9c89eaf35535990110088224d188748d81eaecf/loader-11.0.13.jar
[10:42:32] [main/INFO] [ne.ne.fm.lo.ImmediateWindowHandler/]: Not loading early display in headless mode.
[10:42:32] [main/INFO] [ne.ne.fm.lo.mo.lo.GameLocator/]: Detected a joined NeoForge and Minecraft configuration. Applying filtering...
[10:42:32] [main/INFO] [ne.ne.fm.lo.mo.lo.InDevFolderLocator/CORE]: Got mod coordinates nekojs%%D:\mcmodDemo\NekoJS\NekoJS-t25\NekoJS-mult\versions\26.1.2\build\classes\java\main;nekojs%%D:\mcmodDemo\NekoJS\NekoJS-t25\NekoJS-mult\versions\26.1.2\build\resources\main;nekojs%%D:\mcmodDemo\NekoJS\NekoJS-t25\NekoJS-mult\common\build\classes\java\main;nekojs%%D:\mcmodDemo\NekoJS\NekoJS-t25\NekoJS-mult\common\build\resources\main from env
[10:42:32] [main/INFO] [ne.ne.fm.lo.mo.lo.JarInJarDependencyLocator/]: Found 2 dependencies adding them to mods collection
[10:42:32] [main/INFO] [ne.ne.fm.lo.mo.ModDiscoverer/]: 
     Mod List:
		Name Version (Mod Id)

		GraalMC 25.1.3.7 (graalmc)
		Just Enough Items 29.5.0.26 (jei)
		Minecraft 26.1.2 (minecraft)
		NekoJS 1.1.0-preview3 (nekojs)
		NeoForge 26.1.2.71 (neoforge)
[10:42:33] [main/INFO] [mixin/]: SpongePowered MIXIN Subsystem Version=0.8.7 Source=file:/C:/Users/11515/.gradle/caches/modules-2/files-2.1/net.fabricmc/sponge-mixin/0.17.3+mixin.0.8.7/41c4a3984a80f4679e759fb9f495587acc5cdac7/sponge-mixin-0.17.3+mixin.0.8.7.jar Service=FML Env=SERVER
[10:42:33] [main/INFO] [ne.ne.fm.lo.FMLLoader/]: Loading FML Plugins:
[10:42:33] [main/INFO] [ne.ne.fm.lo.FMLLoader/]:  - C:/Users/11515/.gradle/caches/modules-2/files-2.1/net.neoforged/neoforge/26.1.2.71/2fb61eae2ea7b55fe17d0dba69cab130beb0a054/neoforge-26.1.2.71-universal.jar > net.neoforged.neoforge-coremods-26.1.2.71.jar
[10:42:33] [main/INFO] [ne.ne.fm.lo.FMLLoader/]: Building game content classloader:
 - graalmc (jar(C:/Users/11515/.gradle/caches/modules-2/files-2.1/curse.maven/graal-1504336/8762962/560c593ecf454385f4645a2efaf2c170cc98268d/graal-1504336-8762962.jar))
 - jei (jar(C:/Users/11515/.gradle/caches/modules-2/files-2.1/curse.maven/jei-238222/7920926/3341cfa3b1139c3a5793df3fb05ff2a4001e3b69/jei-238222-7920926.jar))
 - minecraft (composite(filtered(jar(D:/mcmodDemo/NekoJS/NekoJS-t25/NekoJS-mult/versions/26.1.2/build/moddev/artifacts/minecraft-patched-26.1.2.71.jar)), filtered(jar(D:/mcmodDemo/NekoJS/NekoJS-t25/NekoJS-mult/versions/26.1.2/build/moddev/artifacts/minecraft-patched-26.1.2.71.jar))))
 - mixinextras.neoforge (jar(C:/Users/11515/.gradle/caches/modules-2/files-2.1/net.neoforged/neoforge/26.1.2.71/2fb61eae2ea7b55fe17d0dba69cab130beb0a054/neoforge-26.1.2.71-universal.jar > mixinextras-neoforge-0.5.4.jar))
 - nekojs (composite(folder(D:/mcmodDemo/NekoJS/NekoJS-t25/NekoJS-mult/versions/26.1.2/build/classes/java/main), folder(D:/mcmodDemo/NekoJS/NekoJS-t25/NekoJS-mult/versions/26.1.2/build/resources/main), folder(D:/mcmodDemo/NekoJS/NekoJS-t25/NekoJS-mult/common/build/classes/java/main), folder(D:/mcmodDemo/NekoJS/NekoJS-t25/NekoJS-mult/common/build/resources/main)))
 - neoforge (composite(filtered(jar(C:/Users/11515/.gradle/caches/modules-2/files-2.1/net.neoforged/neoforge/26.1.2.71/2fb61eae2ea7b55fe17d0dba69cab130beb0a054/neoforge-26.1.2.71-universal.jar))))
 - net.neoforged.fml.generated (empty(VirtualJar/net.neoforged.fml.generated))
[10:42:33] [main/INFO] [ne.ne.fm.lo.FMLLoader/]: Built game content classloader in 27ms
[10:42:34] [main/INFO] [MixinExtras|Service/]: Initializing MixinExtras via com.llamalad7.mixinextras.service.MixinExtrasServiceImpl(version=0.5.4).
[10:42:38] [main/WARN] [minecraft/Commands]: Ambiguity between arguments [teleport, location] and [teleport, destination] with inputs: [0.1 -0.5 .9, 0 0 0]
[10:42:38] [main/WARN] [minecraft/Commands]: Ambiguity between arguments [teleport, location] and [teleport, targets] with inputs: [0.1 -0.5 .9, 0 0 0]
[10:42:38] [main/WARN] [minecraft/Commands]: Ambiguity between arguments [teleport, destination] and [teleport, targets] with inputs: [Player, 0123, @e, dd12be42-52a9-4a91-a8a1-11c01849e498]
[10:42:38] [main/WARN] [minecraft/Commands]: Ambiguity between arguments [teleport, targets] and [teleport, destination] with inputs: [Player, 0123, dd12be42-52a9-4a91-a8a1-11c01849e498]
[10:42:38] [main/WARN] [minecraft/Commands]: Ambiguity between arguments [teleport, targets, location] and [teleport, targets, destination] with inputs: [0.1 -0.5 .9, 0 0 0]
[10:42:38] [main/WARN] [minecraft/Commands]: Ambiguity between arguments [time, set, time] and [time, set, timemarker] with inputs: [0, 0s, 0d, 0t]
[10:42:38] [main/WARN] [minecraft/Commands]: Ambiguity between arguments [time, set, timemarker] and [time, set, time] with inputs: [012]
[10:42:38] [main/WARN] [minecraft/Commands]: Ambiguity between arguments [time, of, clock, set, time] and [time, of, clock, set, timemarker] with inputs: [0, 0s, 0d, 0t]
[10:42:38] [main/WARN] [minecraft/Commands]: Ambiguity between arguments [time, of, clock, set, timemarker] and [time, of, clock, set, time] with inputs: [012]
[10:42:38] [main/WARN] [minecraft/Commands]: Ambiguity between arguments [waypoint, modify, waypoint, color, reset] and [waypoint, modify, waypoint, color, color] with inputs: [reset]
[10:42:38] [modloading-worker-0/INFO] [ne.ne.ne.co.NeoForgeMod/NEOFORGE-MOD]: NeoForge mod loading, version 26.1.2.71, for MC 26.1.2
[10:42:38] [modloading-worker-0/INFO] [NekoJS/]: Engine config loaded. Unsafe features enabled: false
[10:42:38] [modloading-worker-0/INFO] [NekoJS/]: Engine config loaded. Unsafe features enabled: false
WARNING: A restricted method in java.lang.System has been called
WARNING: java.lang.System::load has been called by com.oracle.truffle.polyglot.JDKSupport in module graalmc (file:/C:/Users/11515/.gradle/caches/modules-2/files-2.1/curse.maven/graal-1504336/8762962/560c593ecf454385f4645a2efaf2c170cc98268d/graal-1504336-8762962.jar)
WARNING: Use --enable-native-access=graalmc to avoid a warning for callers in this module
WARNING: Restricted methods will be blocked in a future release unless native access is enabled

[10:42:39] [NekoJS-Log-Flusher/INFO] [NekoJS/]: [NekoJS] NekoJS plugin runtime bootstrapped once (assembly)
[10:42:39] [NekoJS-Log-Flusher/INFO] [NekoJS/]: [startup] 发现了 1 个 STARTUP 脚本。
[10:42:39] [NekoJS-Log-Flusher/INFO] [NekoJS/]: [server] 发现了 1 个 SERVER 脚本。
[10:42:39] [NekoJS-Log-Flusher/INFO] [NekoJS/]: [client] 发现了 1 个 CLIENT 脚本。
[10:42:39] [modloading-worker-0/INFO] [NekoJS/]: 正在为 STARTUP 注册 13 个事件组...
[10:42:40] [main/INFO] [mojang/YggdrasilAuthenticationService]: Environment: Environment[sessionHost=https://sessionserver.mojang.com, servicesHost=https://api.minecraftservices.com, profilesHost=https://api.mojang.com, name=PROD]
[10:42:40] [NekoJS-Log-Flusher/INFO] [NekoJS/]: [startup] Hello, World! (Loaded startup example script)
[10:42:41] [Worker-Main-11/INFO] [NekoJS/]: 正在为 SERVER 注册 13 个事件组...
[10:42:41] [Worker-Main-11/INFO] [NekoJS/]: [server] 正在重载 SERVER 脚本...
[10:42:41] [Worker-Main-11/INFO] [NekoJS/]: [server] 发现了 1 个 SERVER 脚本。
[10:42:41] [Worker-Main-11/INFO] [NekoJS/]: [server] Hello, World! (Loaded server example script)
[10:42:41] [main/INFO] [minecraft/RecipeManager]: Loaded 1515 recipes
[10:42:41] [main/INFO] [minecraft/AdvancementTree]: Loaded 1617 advancements
[10:42:41] [main/INFO] [ne.ne.ne.co.cr.RecipePriorityManager/]: Loaded 0 recipe priority overrides
[10:42:41] [Server thread/INFO] [minecraft/DedicatedServer]: Starting minecraft server version 26.1.2
[10:42:41] [Server thread/INFO] [minecraft/DedicatedServer]: Loading properties
[10:42:41] [Server thread/INFO] [minecraft/DedicatedServer]: Default game type: SURVIVAL
[10:42:41] [Server thread/INFO] [minecraft/MinecraftServer]: Generating keypair
[10:42:41] [Server thread/INFO] [minecraft/DedicatedServer]: Starting Minecraft server on *:25971
[10:42:41] [NekoJS-Log-Flusher/INFO] [NekoJS/]: [server] SERVER 脚本重载完毕。
[10:42:41] [Server thread/WARN] [minecraft/DedicatedServer]: **** SERVER IS RUNNING IN OFFLINE/INSECURE MODE!
[10:42:41] [Server thread/WARN] [minecraft/DedicatedServer]: The server will make no attempt to authenticate usernames. Beware.
[10:42:41] [Server thread/WARN] [minecraft/DedicatedServer]: While this makes the game possible to play without internet access, it also opens up the ability for hackers to connect with any username they choose.
[10:42:41] [Server thread/WARN] [minecraft/DedicatedServer]: To change this, set "online-mode" to "true" in the server.properties file.
[10:42:41] [Server thread/INFO] [minecraft/DedicatedServer]: Preparing level "world"
[10:42:41] [Server thread/INFO] [minecraft/LoggingLevelLoadListener]: Loading 49 persistent chunks...
[10:42:41] [Server thread/INFO] [minecraft/LoggingLevelLoadListener]: Preparing spawn area: 16%
[10:42:42] [Server thread/INFO] [minecraft/LoggingLevelLoadListener]: Time elapsed: 178 ms
[10:42:42] [Server thread/INFO] [minecraft/DedicatedServer]: Done (0.374s)! For help, type "help"
[10:42:42] [Server thread/INFO] [minecraft/DedicatedServer]: Starting remote control listener
[10:42:42] [Server thread/INFO] [minecraft/GenericThread]: Thread RCON Listener started
[10:42:42] [Server thread/INFO] [minecraft/RconThread]: RCON running on 0.0.0.0:25972
[10:42:42] [Server thread/INFO] [minecraft/MinecraftServer]: Saving chunks for level 'ServerLevel[world]'/minecraft:overworld
[10:42:42] [Server thread/INFO] [minecraft/MinecraftServer]: Saving chunks for level 'ServerLevel[world]'/minecraft:the_end
[10:42:42] [Server thread/INFO] [minecraft/MinecraftServer]: Saving chunks for level 'ServerLevel[world]'/minecraft:the_nether
[10:42:42] [Server thread/INFO] [minecraft/MinecraftServer]: ThreadedAnvilChunkStorage (world): All chunks are saved
[10:42:42] [Server thread/INFO] [minecraft/MinecraftServer]: ThreadedAnvilChunkStorage (DIM1): All chunks are saved
[10:42:42] [Server thread/INFO] [minecraft/MinecraftServer]: ThreadedAnvilChunkStorage (DIM-1): All chunks are saved
[10:42:42] [Server thread/INFO] [minecraft/MinecraftServer]: ThreadedAnvilChunkStorage: All dimensions are saved
[10:42:42] [Server thread/INFO] [ne.ne.ne.se.pe.PermissionAPI/]: Successfully initialized permission handler neoforge:default_handler
[10:43:56] [RCON Listener #1/INFO] [minecraft/GenericThread]: Thread RCON Client /127.0.0.1 started
[10:43:56] [Server thread/INFO] [minecraft/MinecraftServer]: [Rcon: Killed 20 entities]
[10:43:56] [RCON Client /127.0.0.1 #2/INFO] [minecraft/RconClient]: Thread RCON Client /127.0.0.1 shutting down
[10:43:59] [RCON Listener #1/INFO] [minecraft/GenericThread]: Thread RCON Client /127.0.0.1 started
[10:43:59] [Server thread/INFO] [minecraft/MinecraftServer]: [Rcon: Summoned new Cow]
[10:43:59] [Server thread/INFO] [minecraft/MinecraftServer]: [Rcon: Summoned new Cow]
[10:43:59] [Server thread/INFO] [minecraft/MinecraftServer]: [Rcon: Summoned new Cow]
[10:43:59] [Server thread/INFO] [minecraft/MinecraftServer]: [Rcon: Summoned new Pig]
[10:43:59] [Server thread/INFO] [minecraft/MinecraftServer]: [Rcon: Summoned new Bee]
[10:43:59] [RCON Client /127.0.0.1 #3/INFO] [minecraft/RconClient]: Thread RCON Client /127.0.0.1 shutting down
[10:44:01] [RCON Listener #1/INFO] [minecraft/GenericThread]: Thread RCON Client /127.0.0.1 started
[10:44:01] [Server thread/INFO] [NekoJS/]: 正在为 TEST 注册 13 个事件组...
[10:44:01] [Server thread/INFO] [NekoJS/]: [test] 正在运行 TEST 脚本...
[10:44:01] [Server thread/INFO] [NekoJS/]: [test] 发现了 2 个 TEST 脚本。
[10:44:01] [Server thread/INFO] [NekoJS/]: [test] [NekoJS Test][SECTION] DataMap.query
[10:44:01] [Server thread/INFO] [NekoJS/]: [test] [NekoJS Test][PASS] hit: coal burnTime from the vanilla furnace_fuels data map
[10:44:01] [Server thread/INFO] [NekoJS/]: [test] [NekoJS Test][PASS] hit: apple compostable chance is a snapshot number in (0,1], got: 0.6499999761581421
[10:44:01] [Server thread/INFO] [NekoJS/]: [test] [NekoJS Test][PASS] miss: stone is not fuel -> null
[10:44:01] [Server thread/INFO] [NekoJS/]: [test] [NekoJS Test][PASS] miss: stone is not compostable -> null
[10:44:01] [Server thread/INFO] [NekoJS/]: [test] [NekoJS Test][PASS] coercion: string item id -> ItemStack -> same burnTime
[10:44:01] [Server thread/INFO] [NekoJS/]: [test] [NekoJS Test][PASS] invalid: number is not an ItemStack -> error
[10:44:01] [Server thread/INFO] [NekoJS/]: [test] [NekoJS Test][PASS] invalid: plain object is not an ItemStack -> error
[10:44:01] [Server thread/INFO] [NekoJS/]: [test] [NekoJS Test][PASS] invalid: unregistered item id -> error
[10:44:01] [Server thread/INFO] [NekoJS/]: [test] [NekoJS Test][PASS] empty: JS null -> ItemStack.EMPTY -> null
[10:44:01] [Server thread/INFO] [NekoJS/]: [test] [NekoJS Test][PASS] empty: undefined -> ItemStack.EMPTY -> null
[10:44:01] [Server thread/INFO] [NekoJS/]: [test] [NekoJS Test][PASS] empty: JS null -> ItemStack.EMPTY -> null
[10:44:01] [Server thread/INFO] [NekoJS/]: [test] [NekoJS Test][PASS] readonly: furnaceFuel is a query function
[10:44:01] [Server thread/INFO] [NekoJS/]: [test] [NekoJS Test][PASS] readonly: compostable is a query function
[10:44:01] [Server thread/INFO] [NekoJS/]: [test] [NekoJS Test][PASS] readonly: repeated query of the same entry returns the same snapshot
[10:44:01] [Server thread/INFO] [NekoJS/]: [test] [NekoJS Test][PASS] readonly: repeated query of the same entry returns the same snapshot (compostable)
[10:44:01] [Server thread/INFO] [NekoJS/]: [test] [NekoJS Test][SUMMARY] 15 passed, 0 failed
[10:44:01] [Server thread/INFO] [NekoJS/]: [test] [NekoJS Test][SECTION] EntitySelectors.query
[10:44:01] [Server thread/INFO] [NekoJS/]: [test] [NekoJS Test][PASS] dedicated server is running
[10:44:01] [Server thread/INFO] [NekoJS/]: [test] [NekoJS Test][PASS] overworld ServerLevel obtained
[10:44:01] [Server thread/INFO] [NekoJS/]: [test] [NekoJS Test][PASS] prerequisite: forceload + tagged summon done first (q25f=4 cows=3 q25f_c1=1 q25f_p1=1); see this file header / REPORT 
[10:44:01] [Server thread/INFO] [NekoJS/]: [test] [NekoJS Test][PASS] prerequisite: tagged bee present (q25bee=1)
[10:44:01] [Server thread/INFO] [NekoJS/]: [test] [NekoJS Test][PASS] allEntities() + tag + find: hits every tagged entity
[10:44:01] [Server thread/INFO] [NekoJS/]: [test] [NekoJS Test][PASS] create(b => tag + type(cow)) + find: hits exactly the tagged cow
[10:44:01] [Server thread/INFO] [NekoJS/]: [test] [NekoJS Test][PASS] builder() + explicit type(cow) is entity-scoped and excludes the tagged pig
[10:44:01] [Server thread/INFO] [NekoJS/]: [test] [NekoJS Test][PASS] builder() + type(cow) + tag narrows to the single tagged cow
[10:44:01] [Server thread/INFO] [NekoJS/]: [test] [NekoJS Test][PASS] scope: a tag-only builder() stays on the player base (0 players online)
[10:44:01] [Server thread/INFO] [NekoJS/]: [test] [NekoJS Test][PASS] scope: allPlayers() preset stays player-only -> empty snapshot
[10:44:01] [Server thread/INFO] [NekoJS/]: [test] [NekoJS Test][PASS] type(cow) on create() sees non-player entities (includesEntities fix)
[10:44:01] [Server thread/INFO] [NekoJS/]: [test] [NekoJS Test][PASS] type(cow) on builder() sees non-player entities (includesEntities fix)
[10:44:01] [Server thread/INFO] [NekoJS/]: [test] [NekoJS Test][PASS] tag + type(cow) -> the tagged cows
[10:44:01] [Server thread/INFO] [NekoJS/]: [test] [NekoJS Test][PASS] tag + type(pig) -> the tagged pig
[10:44:01] [Server thread/INFO] [NekoJS/]: [test] [NekoJS Test][PASS] tag + type(pig, inverse) -> everything tagged except the pig
[10:44:01] [Server thread/INFO] [NekoJS/]: [test] [NekoJS Test][PASS] tag + inverse type(cow) excludes the cow -> 0
[10:44:01] [Server thread/INFO] [NekoJS/]: [test] [NekoJS Test][PASS] type(player) stays player-scoped -> 0 players online
[10:44:01] [Server thread/INFO] [NekoJS/]: [test] [NekoJS Test][PASS] typeTag(entity_type tag) hits the tagged bee
[10:44:01] [Server thread/INFO] [NekoJS/]: [test] [NekoJS Test][PASS] typeTag alone switches to the entity base (includesEntities fix)
[10:44:01] [Server thread/INFO] [NekoJS/]: [test] [NekoJS Test][PASS] distanceBelow(8) keeps the tagged set near the anchor
[10:44:01] [Server thread/INFO] [NekoJS/]: [test] [NekoJS Test][PASS] distanceAbove(8) misses the near tagged set
[10:44:01] [Server thread/INFO] [NekoJS/]: [test] [NekoJS Test][PASS] distanceAbove(8) hits the far tagged bee
[10:44:01] [Server thread/INFO] [NekoJS/]: [test] [NekoJS Test][PASS] distanceBelow(8) misses the far tagged bee
[10:44:01] [Server thread/INFO] [NekoJS/]: [test] [NekoJS Test][PASS] limit(2) caps the tagged set
[10:44:01] [Server thread/INFO] [NekoJS/]: [test] [NekoJS Test][PASS] orderNearest().limit(1) returns exactly one
[10:44:01] [Server thread/INFO] [NekoJS/]: [test] [NekoJS Test][PASS] orderNearest result is a materialized entity
[10:44:01] [Server thread/INFO] [NekoJS/]: [test] [NekoJS Test][PASS] create(null) -> labeled error
[10:44:01] [Server thread/INFO] [NekoJS/]: [test] [NekoJS Test][PASS] limit(0) -> labeled error
[10:44:01] [Server thread/INFO] [NekoJS/]: [test] [NekoJS Test][PASS] negative distance -> labeled error
[10:44:01] [Server thread/INFO] [NekoJS/]: [test] [NekoJS Test][PASS] min>max distance -> labeled error
[10:44:01] [Server thread/INFO] [NekoJS/]: [test] [NekoJS Test][PASS] negative distanceBelow -> labeled error
[10:44:01] [Server thread/INFO] [NekoJS/]: [test] [NekoJS Test][PASS] min>max level -> labeled error
[10:44:01] [Server thread/INFO] [NekoJS/]: [test] [NekoJS Test][PASS] unknown entity type -> labeled error
[10:44:01] [Server thread/INFO] [NekoJS/]: [test] [NekoJS Test][PASS] unknown entity type tag -> labeled error (not a silent empty no-op)
[10:44:01] [Server thread/INFO] [NekoJS/]: [test] [NekoJS Test][PASS] unknown gamemode -> labeled error
[10:44:01] [Server thread/INFO] [NekoJS/]: [test] [NekoJS Test][PASS] null level -> labeled error
[10:44:01] [Server thread/INFO] [NekoJS/]: [test] [NekoJS Test][PASS] null selector -> labeled error
[10:44:01] [Server thread/INFO] [NekoJS/]: [test] [NekoJS Test][PASS] repeated query is side-effect free
[10:44:01] [Server thread/INFO] [NekoJS/]: [test] [NekoJS Test][SUMMARY] 53 passed, 0 failed
[10:44:01] [RCON Client /127.0.0.1 #4/INFO] [minecraft/RconClient]: Thread RCON Client /127.0.0.1 shutting down
[10:44:01] [NekoJS-Log-Flusher/INFO] [NekoJS/]: [test] TEST 脚本运行完毕。
[10:44:04] [RCON Listener #1/INFO] [minecraft/GenericThread]: Thread RCON Client /127.0.0.1 started
[10:44:04] [Server thread/INFO] [NekoJS/]: 正在为 TEST 注册 13 个事件组...
[10:44:04] [Server thread/INFO] [NekoJS/]: [test] 正在运行 TEST 脚本...
[10:44:04] [Server thread/INFO] [NekoJS/]: [test] 发现了 3 个 TEST 脚本。
[10:44:04] [Server thread/INFO] [NekoJS/]: [test] [NekoJS Test][SECTION] DataMap.query
[10:44:04] [Server thread/INFO] [NekoJS/]: [test] [NekoJS Test][PASS] hit: coal burnTime from the vanilla furnace_fuels data map
[10:44:04] [Server thread/INFO] [NekoJS/]: [test] [NekoJS Test][PASS] hit: apple compostable chance is a snapshot number in (0,1], got: 0.6499999761581421
[10:44:04] [Server thread/INFO] [NekoJS/]: [test] [NekoJS Test][PASS] miss: stone is not fuel -> null
[10:44:04] [Server thread/INFO] [NekoJS/]: [test] [NekoJS Test][PASS] miss: stone is not compostable -> null
[10:44:04] [Server thread/INFO] [NekoJS/]: [test] [NekoJS Test][PASS] coercion: string item id -> ItemStack -> same burnTime
[10:44:04] [Server thread/INFO] [NekoJS/]: [test] [NekoJS Test][PASS] invalid: number is not an ItemStack -> error
[10:44:04] [Server thread/INFO] [NekoJS/]: [test] [NekoJS Test][PASS] invalid: plain object is not an ItemStack -> error
[10:44:04] [Server thread/INFO] [NekoJS/]: [test] [NekoJS Test][PASS] invalid: unregistered item id -> error
[10:44:04] [Server thread/INFO] [NekoJS/]: [test] [NekoJS Test][PASS] empty: JS null -> ItemStack.EMPTY -> null
[10:44:04] [Server thread/INFO] [NekoJS/]: [test] [NekoJS Test][PASS] empty: undefined -> ItemStack.EMPTY -> null
[10:44:04] [Server thread/INFO] [NekoJS/]: [test] [NekoJS Test][PASS] empty: JS null -> ItemStack.EMPTY -> null
[10:44:04] [Server thread/INFO] [NekoJS/]: [test] [NekoJS Test][PASS] readonly: furnaceFuel is a query function
[10:44:04] [Server thread/INFO] [NekoJS/]: [test] [NekoJS Test][PASS] readonly: compostable is a query function
[10:44:04] [Server thread/INFO] [NekoJS/]: [test] [NekoJS Test][PASS] readonly: repeated query of the same entry returns the same snapshot
[10:44:04] [Server thread/INFO] [NekoJS/]: [test] [NekoJS Test][PASS] readonly: repeated query of the same entry returns the same snapshot (compostable)
[10:44:04] [Server thread/INFO] [NekoJS/]: [test] [NekoJS Test][SUMMARY] 68 passed, 0 failed
[10:44:04] [Server thread/INFO] [NekoJS/]: [test] [NekoJS Test][SECTION] EntitySelectors.illegal.location
[10:44:04] [Server thread/INFO] [NekoJS/]: [test] [NekoJS Test][PASS] error message carries domain + call entry
[10:44:04] [Server thread/ERROR] [NekoJS/]: [test] 脚本执行失败: nekojs:test/entityselectors-illegal-location.js
环境: TEST
位置: test_scripts/entityselectors-illegal-location.js:29:17
原因: selector must not be null

EntitySelectors.find(level, null, 0, 0, 0)

堆栈: at anonymous (test_scripts/entityselectors-illegal-location.js:29)
[10:44:04] [Server thread/INFO] [NekoJS/]: [test] [NekoJS Test][SECTION] EntitySelectors.query
[10:44:04] [Server thread/INFO] [NekoJS/]: [test] [NekoJS Test][PASS] dedicated server is running
[10:44:04] [Server thread/INFO] [NekoJS/]: [test] [NekoJS Test][PASS] overworld ServerLevel obtained
[10:44:04] [Server thread/INFO] [NekoJS/]: [test] [NekoJS Test][PASS] prerequisite: forceload + tagged summon done first (q25f=4 cows=3 q25f_c1=1 q25f_p1=1); see this file header / REPORT 
[10:44:04] [Server thread/INFO] [NekoJS/]: [test] [NekoJS Test][PASS] prerequisite: tagged bee present (q25bee=1)
[10:44:04] [Server thread/INFO] [NekoJS/]: [test] [NekoJS Test][PASS] allEntities() + tag + find: hits every tagged entity
[10:44:04] [Server thread/INFO] [NekoJS/]: [test] [NekoJS Test][PASS] create(b => tag + type(cow)) + find: hits exactly the tagged cow
[10:44:04] [Server thread/INFO] [NekoJS/]: [test] [NekoJS Test][PASS] builder() + explicit type(cow) is entity-scoped and excludes the tagged pig
[10:44:04] [Server thread/INFO] [NekoJS/]: [test] [NekoJS Test][PASS] builder() + type(cow) + tag narrows to the single tagged cow
[10:44:04] [Server thread/INFO] [NekoJS/]: [test] [NekoJS Test][PASS] scope: a tag-only builder() stays on the player base (0 players online)
[10:44:04] [Server thread/INFO] [NekoJS/]: [test] [NekoJS Test][PASS] scope: allPlayers() preset stays player-only -> empty snapshot
[10:44:04] [Server thread/INFO] [NekoJS/]: [test] [NekoJS Test][PASS] type(cow) on create() sees non-player entities (includesEntities fix)
[10:44:04] [Server thread/INFO] [NekoJS/]: [test] [NekoJS Test][PASS] type(cow) on builder() sees non-player entities (includesEntities fix)
[10:44:04] [Server thread/INFO] [NekoJS/]: [test] [NekoJS Test][PASS] tag + type(cow) -> the tagged cows
[10:44:04] [Server thread/INFO] [NekoJS/]: [test] [NekoJS Test][PASS] tag + type(pig) -> the tagged pig
[10:44:04] [Server thread/INFO] [NekoJS/]: [test] [NekoJS Test][PASS] tag + type(pig, inverse) -> everything tagged except the pig
[10:44:04] [Server thread/INFO] [NekoJS/]: [test] [NekoJS Test][PASS] tag + inverse type(cow) excludes the cow -> 0
[10:44:04] [Server thread/INFO] [NekoJS/]: [test] [NekoJS Test][PASS] type(player) stays player-scoped -> 0 players online
[10:44:04] [Server thread/INFO] [NekoJS/]: [test] [NekoJS Test][PASS] typeTag(entity_type tag) hits the tagged bee
[10:44:04] [Server thread/INFO] [NekoJS/]: [test] [NekoJS Test][PASS] typeTag alone switches to the entity base (includesEntities fix)
[10:44:04] [Server thread/INFO] [NekoJS/]: [test] [NekoJS Test][PASS] distanceBelow(8) keeps the tagged set near the anchor
[10:44:04] [Server thread/INFO] [NekoJS/]: [test] [NekoJS Test][PASS] distanceAbove(8) misses the near tagged set
[10:44:04] [Server thread/INFO] [NekoJS/]: [test] [NekoJS Test][PASS] distanceAbove(8) hits the far tagged bee
[10:44:04] [Server thread/INFO] [NekoJS/]: [test] [NekoJS Test][PASS] distanceBelow(8) misses the far tagged bee
[10:44:04] [Server thread/INFO] [NekoJS/]: [test] [NekoJS Test][PASS] limit(2) caps the tagged set
[10:44:04] [Server thread/INFO] [NekoJS/]: [test] [NekoJS Test][PASS] orderNearest().limit(1) returns exactly one
[10:44:04] [Server thread/INFO] [NekoJS/]: [test] [NekoJS Test][PASS] orderNearest result is a materialized entity
[10:44:04] [Server thread/INFO] [NekoJS/]: [test] [NekoJS Test][PASS] create(null) -> labeled error
[10:44:04] [Server thread/INFO] [NekoJS/]: [test] [NekoJS Test][PASS] limit(0) -> labeled error
[10:44:04] [Server thread/INFO] [NekoJS/]: [test] [NekoJS Test][PASS] negative distance -> labeled error
[10:44:04] [Server thread/INFO] [NekoJS/]: [test] [NekoJS Test][PASS] min>max distance -> labeled error
[10:44:04] [Server thread/INFO] [NekoJS/]: [test] [NekoJS Test][PASS] negative distanceBelow -> labeled error
[10:44:04] [Server thread/INFO] [NekoJS/]: [test] [NekoJS Test][PASS] min>max level -> labeled error
[10:44:04] [Server thread/INFO] [NekoJS/]: [test] [NekoJS Test][PASS] unknown entity type -> labeled error
[10:44:04] [Server thread/INFO] [NekoJS/]: [test] [NekoJS Test][PASS] unknown entity type tag -> labeled error (not a silent empty no-op)
[10:44:04] [Server thread/INFO] [NekoJS/]: [test] [NekoJS Test][PASS] unknown gamemode -> labeled error
[10:44:04] [Server thread/INFO] [NekoJS/]: [test] [NekoJS Test][PASS] null level -> labeled error
[10:44:04] [Server thread/INFO] [NekoJS/]: [test] [NekoJS Test][PASS] null selector -> labeled error
[10:44:04] [Server thread/INFO] [NekoJS/]: [test] [NekoJS Test][PASS] repeated query is side-effect free
[10:44:04] [Server thread/INFO] [NekoJS/]: [test] [NekoJS Test][SUMMARY] 107 passed, 0 failed
[10:44:04] [RCON Client /127.0.0.1 #5/INFO] [minecraft/RconClient]: Thread RCON Client /127.0.0.1 shutting down
[10:44:05] [NekoJS-Log-Flusher/INFO] [NekoJS/]: [test] TEST 脚本运行完毕。
