Running Stonecutter 0.9.7
> Task :buildSrc:checkKotlinGradlePluginConfigurationErrors SKIPPED
> Task :buildSrc:generateExternalPluginSpecBuilders FROM-CACHE
> Task :buildSrc:extractPrecompiledScriptPluginPlugins
> Task :buildSrc:compilePluginsBlocks FROM-CACHE
> Task :buildSrc:generatePrecompiledScriptPluginAccessors
> Task :buildSrc:generateScriptPluginAdapters
> Task :buildSrc:pluginDescriptors
> Task :buildSrc:processResources
> Task :buildSrc:compileKotlin
> Task :buildSrc:compileJava NO-SOURCE
> Task :buildSrc:compileGroovy NO-SOURCE
> Task :buildSrc:classes
> Task :buildSrc:jar

> Configure project :
w: file:///D:/mcmodDemo/NekoJS/NekoJS-fabricfix/NekoJS-mult/stonecutter.gradle.kts:52:13: 'fun replace(direct: Pair<String, String>, reverse: Pair<String, String>): Unit' is deprecated. Use the comma-separated version.
w: file:///D:/mcmodDemo/NekoJS/NekoJS-fabricfix/NekoJS-mult/stonecutter.gradle.kts:53:13: 'fun replace(direct: Pair<String, String>, reverse: Pair<String, String>): Unit' is deprecated. Use the comma-separated version.
w: file:///D:/mcmodDemo/NekoJS/NekoJS-fabricfix/NekoJS-mult/stonecutter.gradle.kts:54:13: 'fun replace(direct: Pair<String, String>, reverse: Pair<String, String>): Unit' is deprecated. Use the comma-separated version.
w: file:///D:/mcmodDemo/NekoJS/NekoJS-fabricfix/NekoJS-mult/stonecutter.gradle.kts:58:13: 'fun replace(direct: Pair<String, String>, reverse: Pair<String, String>): Unit' is deprecated. Use the comma-separated version.
w: file:///D:/mcmodDemo/NekoJS/NekoJS-fabricfix/NekoJS-mult/stonecutter.gradle.kts:59:13: 'fun replace(direct: Pair<String, String>, reverse: Pair<String, String>): Unit' is deprecated. Use the comma-separated version.
w: file:///D:/mcmodDemo/NekoJS/NekoJS-fabricfix/NekoJS-mult/stonecutter.gradle.kts:63:13: 'fun replace(direct: Pair<String, String>, reverse: Pair<String, String>): Unit' is deprecated. Use the comma-separated version.

> Configure project :26.1.2
Parsed unknown MC version 26.1.2 from NeoForge version 26.1.2.71. Using capabilities of latest known Minecraft version 26.1-snapshot-2 with an updated Minecraft version.

> Configure project :26.1.2-fabric
Fabric Loom: 1.17.20

> Configure project :26.2.0
Parsed unknown MC version 26.2 from NeoForge version 26.2.0.57. Using capabilities of latest known Minecraft version 26.1-snapshot-2 with an updated Minecraft version.

> Configure project :26.2.0-fabric
Fabric Loom: 1.17.20

> Task :common-api-processor:processResources
> Task :common-api-processor:processTestResources NO-SOURCE
> Task :common:checkCommonIsolation
> Task :common:compileJava FROM-CACHE
> Task :common:processResources
> Task :common:classes
> Task :common-api-processor:compileJava FROM-CACHE
> Task :common-api-processor:classes
> Task :common-api-processor:compileTestJava FROM-CACHE
> Task :common-api-processor:testClasses UP-TO-DATE
> Task :common:jar
> Task :common-api-processor:test FROM-CACHE
> Task :common:compileTestJava FROM-CACHE
> Task :common:processTestResources
> Task :common:testClasses
> Task :common:test FROM-CACHE
> Task :common:check

[Incubating] Problems report is available at: file:///D:/mcmodDemo/NekoJS/NekoJS-fabricfix/NekoJS-mult/build/reports/problems/problems-report.html

Deprecated Gradle features were used in this build, making it incompatible with Gradle 10.

You can use '--warning-mode all' to show the individual deprecation warnings and determine if they come from your own scripts or plugins.

For more on this, please refer to https://docs.gradle.org/9.6.0/userguide/command_line_interface.html#sec:command_line_warnings in the Gradle documentation.

BUILD SUCCESSFUL in 46s
20 actionable tasks: 12 executed, 8 from cache
EXIT=0
