Running Stonecutter 0.9.7
> Task :buildSrc:checkKotlinGradlePluginConfigurationErrors SKIPPED
> Task :buildSrc:generateExternalPluginSpecBuilders UP-TO-DATE
> Task :buildSrc:extractPrecompiledScriptPluginPlugins UP-TO-DATE
> Task :buildSrc:compilePluginsBlocks UP-TO-DATE
> Task :buildSrc:generatePrecompiledScriptPluginAccessors UP-TO-DATE
> Task :buildSrc:generateScriptPluginAdapters UP-TO-DATE
> Task :buildSrc:compileKotlin UP-TO-DATE
> Task :buildSrc:compileJava NO-SOURCE
> Task :buildSrc:compileGroovy NO-SOURCE
> Task :buildSrc:pluginDescriptors UP-TO-DATE
> Task :buildSrc:processResources UP-TO-DATE
> Task :buildSrc:classes UP-TO-DATE
> Task :buildSrc:jar UP-TO-DATE

> Configure project :26.1.2
Parsed unknown MC version 26.1.2 from NeoForge version 26.1.2.71. Using capabilities of latest known Minecraft version 26.1-snapshot-2 with an updated Minecraft version.

> Configure project :26.1.2-fabric
Fabric Loom: 1.17.20

> Configure project :26.2.0
Parsed unknown MC version 26.2 from NeoForge version 26.2.0.57. Using capabilities of latest known Minecraft version 26.1-snapshot-2 with an updated Minecraft version.

> Configure project :26.2.0-fabric
Fabric Loom: 1.17.20

[Incubating] Problems report is available at: file:///D:/mcmodDemo/NekoJS/NekoJS-fabricfix/NekoJS-mult/build/reports/problems/problems-report.html

FAILURE: Build failed with an exception.

* What went wrong:
Selection failed
  Cannot locate tasks that match ':26.1.2-fabric:remapJar' as task 'remapJar' not found in project ':26.1.2-fabric'.

* Try:
> Run gradlew tasks to get a list of available tasks.
> For more on name expansion, please refer to https://docs.gradle.org/9.6.0/userguide/command_line_interface.html#sec:name_abbreviation in the Gradle documentation.
> Run with --stacktrace option to get the stack trace.
> Run with --info or --debug option to get more log output.
> Run with --scan to get full insights from a Build Scan (powered by Develocity).
> Get more help at https://help.gradle.org.

Deprecated Gradle features were used in this build, making it incompatible with Gradle 10.

You can use '--warning-mode all' to show the individual deprecation warnings and determine if they come from your own scripts or plugins.

For more on this, please refer to https://docs.gradle.org/9.6.0/userguide/command_line_interface.html#sec:command_line_warnings in the Gradle documentation.

BUILD FAILED in 4s
9 actionable tasks: 9 up-to-date
EXIT=1
