Running Stonecutter 0.9.7
> Task :buildSrc:checkKotlinGradlePluginConfigurationErrors SKIPPED
> Task :buildSrc:generateExternalPluginSpecBuilders UP-TO-DATE
> Task :buildSrc:extractPrecompiledScriptPluginPlugins UP-TO-DATE
> Task :buildSrc:compilePluginsBlocks UP-TO-DATE
> Task :buildSrc:generatePrecompiledScriptPluginAccessors UP-TO-DATE
> Task :buildSrc:generateScriptPluginAdapters UP-TO-DATE
> Task :buildSrc:compileKotlin UP-TO-DATE
> Task :buildSrc:compileJava NO-SOURCE
> Task :buildSrc:compileGroovy NO-SOURCE
> Task :buildSrc:pluginDescriptors UP-TO-DATE
> Task :buildSrc:processResources UP-TO-DATE
> Task :buildSrc:classes UP-TO-DATE
> Task :buildSrc:jar UP-TO-DATE

> Configure project :26.1.2
Parsed unknown MC version 26.1.2 from NeoForge version 26.1.2.71. Using capabilities of latest known Minecraft version 26.1-snapshot-2 with an updated Minecraft version.

> Configure project :26.1.2-fabric
Fabric Loom: 1.17.20

> Configure project :26.2.0
Parsed unknown MC version 26.2 from NeoForge version 26.2.0.57. Using capabilities of latest known Minecraft version 26.1-snapshot-2 with an updated Minecraft version.

> Configure project :26.2.0-fabric
Fabric Loom: 1.17.20

> Task :26.1.2-fabric:cleanProcessResources
> Task :26.1.2-fabric:generateModMetadata UP-TO-DATE
> Task :26.1.2-fabric:stonecutterPrepare UP-TO-DATE
> Task :26.1.2-fabric:stonecutterGenerate UP-TO-DATE
> Task :26.2.0-fabric:cleanProcessResources
> Task :26.2.0-fabric:generateModMetadata UP-TO-DATE
> Task :26.2.0-fabric:stonecutterPrepare UP-TO-DATE
> Task :26.2.0-fabric:stonecutterGenerate UP-TO-DATE

> Task :26.1.2-fabric:processResources
=== COPY TRACE BEGIN (:26.1.2-fabric:processResources) ===
COPY nekojs-fabric-dynamic.mixins.json  FROM D:\mcmodDemo\NekoJS\NekoJS-fabricfix\NekoJS-mult\versions\26.1.2-fabric\src\main\resources\nekojs-fabric-dynamic.mixins.json
COPY nekojs-fabric-shared.mixins.json  FROM D:\mcmodDemo\NekoJS\NekoJS-fabricfix\NekoJS-mult\versions\26.1.2-fabric\src\main\resources\nekojs-fabric-shared.mixins.json
COPY nekojs-fabric.accesswidener  FROM D:\mcmodDemo\NekoJS\NekoJS-fabricfix\NekoJS-mult\versions\26.1.2-fabric\src\main\resources\nekojs-fabric.accesswidener
COPY nekojs-fabric.mixins.json  FROM D:\mcmodDemo\NekoJS\NekoJS-fabricfix\NekoJS-mult\versions\26.1.2-fabric\src\main\resources\nekojs-fabric.mixins.json
COPY fabric.mod.json  FROM D:\mcmodDemo\NekoJS\NekoJS-fabricfix\NekoJS-mult\versions\26.1.2-fabric\build\generated\sources\modMetadata\fabric.mod.json
=== COPY TRACE END (:26.1.2-fabric:processResources) ===

> Task :26.2.0-fabric:processResources
=== COPY TRACE BEGIN (:26.2.0-fabric:processResources) ===
COPY nekojs-fabric-dynamic.mixins.json  FROM D:\mcmodDemo\NekoJS\NekoJS-fabricfix\NekoJS-mult\versions\26.1.2-fabric\src\main\resources\nekojs-fabric-dynamic.mixins.json
COPY nekojs-fabric-shared.mixins.json  FROM D:\mcmodDemo\NekoJS\NekoJS-fabricfix\NekoJS-mult\versions\26.1.2-fabric\src\main\resources\nekojs-fabric-shared.mixins.json
COPY nekojs-fabric.accesswidener  FROM D:\mcmodDemo\NekoJS\NekoJS-fabricfix\NekoJS-mult\versions\26.1.2-fabric\src\main\resources\nekojs-fabric.accesswidener
COPY nekojs-fabric.mixins.json  FROM D:\mcmodDemo\NekoJS\NekoJS-fabricfix\NekoJS-mult\versions\26.1.2-fabric\src\main\resources\nekojs-fabric.mixins.json
COPY fabric.mod.json  FROM D:\mcmodDemo\NekoJS\NekoJS-fabricfix\NekoJS-mult\versions\26.2.0-fabric\build\generated\sources\modMetadata\fabric.mod.json
=== COPY TRACE END (:26.2.0-fabric:processResources) ===

[Incubating] Problems report is available at: file:///D:/mcmodDemo/NekoJS/NekoJS-fabricfix/NekoJS-mult/build/reports/problems/problems-report.html

Deprecated Gradle features were used in this build, making it incompatible with Gradle 10.

You can use '--warning-mode all' to show the individual deprecation warnings and determine if they come from your own scripts or plugins.

For more on this, please refer to https://docs.gradle.org/9.6.0/userguide/command_line_interface.html#sec:command_line_warnings in the Gradle documentation.

BUILD SUCCESSFUL in 3s
19 actionable tasks: 4 executed, 15 up-to-date
EXIT=0
