[19:40:32] [main/INFO] (FabricLoader/GameProvider) Loading Minecraft 26.2 with Fabric Loader 0.19.3
[19:40:32] [main/INFO] (FabricLoader/Mappings) Mappings not present!
[19:40:32] [main/INFO] (FabricLoader) Loading 44 mods:
	- fabric-api 0.159.0+26.2
	   |-- fabric-key-mapping-api-v1 2.0.5+e2bdee789e
	   |-- fabric-model-loading-api-v1 8.0.17+c80601bb9e
	   |-- fabric-renderer-api-v1 14.1.4+2b0d8a229e
	   |-- fabric-renderer-indigo 9.1.4+2b0d8a229e
	   |-- fabric-rendering-v1 25.3.3+515ac5339e
	   |-- fabric-screen-api-v1 5.2.1+5087f8249e
	   \-- fabric-sound-api-v1 2.0.5+11a26f319e
	- fabric-api-base 2.0.4+ece063239e
	- fabric-api-lookup-api-v1 2.0.18+11e1c9a39e
	- fabric-biome-api-v1 18.0.6+c7bd5b8e9e
	- fabric-block-api-v1 3.0.3+ec56b6019e
	- fabric-block-getter-api-v2 2.0.7+ec56b6019e
	- fabric-command-api-v2 3.1.0+00cb03469e
	- fabric-content-registries-v0 11.3.2+37b1aa249e
	- fabric-convention-tags-v2 4.7.1+1f023a9e9e
	- fabric-crash-report-info-v1 1.0.5+086d547a9e
	- fabric-creative-tab-api-v1 5.0.14+d871b99e9e
	- fabric-data-attachment-api-v1 2.2.18+515ac5339e
	- fabric-data-generation-api-v1 25.5.1+aed122aa9e
	- fabric-debug-api-v1 1.0.2+c792624d9e
	- fabric-dimensions-v1 5.1.12+515ac5339e
	- fabric-entity-events-v1 5.0.5+06488ac19e
	- fabric-events-interaction-v0 5.2.7+515ac5339e
	- fabric-game-rule-api-v1 4.0.8+46a6d00c9e
	- fabric-gametest-api-v1 4.0.21+4a7fa0819e
	- fabric-item-api-v1 14.5.0+c68f6cbe9e
	- fabric-lifecycle-events-v1 4.1.4+29b6eb019e
	- fabric-loot-api-v3 3.0.17+06488ac19e
	- fabric-menu-api-v1 2.0.16+086d547a9e
	- fabric-message-api-v1 7.0.8+bb2ed3f79e
	- fabric-networking-api-v1 6.3.3+72073ef09e
	- fabric-object-builder-api-v1 24.1.0+6fcd5f039e
	- fabric-particles-v1 5.0.18+d1756aa99e
	- fabric-permission-api-v1 1.0.5+e442d8d09e
	- fabric-recipe-api-v1 9.0.21+11e1c9a39e
	- fabric-registry-sync-v0 7.1.0+c7bd5b8e9e
	- fabric-rendering-fluids-v1 6.0.4+06488ac19e
	- fabric-resource-conditions-api-v1 6.1.0+10e9a28b9e
	- fabric-resource-loader-v0 3.3.20+4fc5413f9e
	- fabric-resource-loader-v1 2.0.13+9edec1269e
	- fabric-serialization-api-v1 2.0.4+11a26f319e
	- fabric-tag-api-v1 2.1.4+515ac5339e
	- fabric-transfer-api-v1 8.0.13+11dbb7d79e
	- fabric-transitive-access-wideners-v1 8.1.4+67c847259e
	- fabricloader 0.19.3
	- graalmc 25.1.3.7
	- java 25
	- minecraft 26.2
	- mixinextras 0.5.4
	- nekojs 1.1.0-preview3
[19:40:32] [main/INFO] (FabricLoader/Mixin) SpongePowered MIXIN Subsystem Version=0.8.7 Source=file:/C:/Users/11515/.gradle/caches/modules-2/files-2.1/net.fabricmc/sponge-mixin/0.17.3+mixin.0.8.7/41c4a3984a80f4679e759fb9f495587acc5cdac7/sponge-mixin-0.17.3+mixin.0.8.7.jar Service=Knot/Fabric Env=SERVER
[19:40:33] [main/INFO] (FabricLoader/Mixin) Compatibility level set to JAVA_25
[19:40:33] [main/INFO] (FabricLoader/MixinExtras|Service) Initializing MixinExtras via com.llamalad7.mixinextras.service.MixinExtrasServiceImpl(version=0.5.4).
[19:40:39] [main/INFO] (NekoJS-Fabric) NekoJS fabric entrypoint reached.
[19:40:39] [main/INFO] (NekoJS-Fabric)   platform: loader=fabric v0.19.3, mc=26.2, dev=true, client=false
[19:40:39] [main/INFO] (NekoJS-Fabric) FabricEntityEventBindings registering
[19:40:39] [main/INFO] (NekoJS) Engine config loaded. Unsafe features enabled: false
[19:40:39] [main/INFO] (NekoJS) Engine config loaded. Unsafe features enabled: false
[19:40:40] [main/INFO] (NekoJS) [startup] 已初始化环境入口: D:\mcmodDemo\NekoJS\.worktrees\t32\NekoJS-mult\versions\26.2.0-fabric\run-server\nekojs\startup_scripts\src\main.js
[19:40:40] [main/INFO] (NekoJS) [server] 已初始化环境入口: D:\mcmodDemo\NekoJS\.worktrees\t32\NekoJS-mult\versions\26.2.0-fabric\run-server\nekojs\server_scripts\src\main.js
[19:40:40] [main/INFO] (NekoJS) [client] 已初始化环境入口: D:\mcmodDemo\NekoJS\.worktrees\t32\NekoJS-mult\versions\26.2.0-fabric\run-server\nekojs\client_scripts\src\main.js
[19:40:40] [NekoJS-Log-Flusher/INFO] (NekoJS) [startup] 发现了 2 个 STARTUP 脚本。
[19:40:40] [NekoJS-Log-Flusher/INFO] (NekoJS) [server] 发现了 2 个 SERVER 脚本。
[19:40:40] [NekoJS-Log-Flusher/INFO] (NekoJS) [client] 发现了 1 个 CLIENT 脚本。
[19:40:40] [NekoJS-Log-Flusher/INFO] (NekoJS) [NekoJS] NekoJS plugin runtime bootstrapped once (assembly)
[19:40:41] [main/INFO] (NekoJS) 正在为 STARTUP 注册 11 个事件组...
[19:40:41] [main/INFO] (NekoJS) [startup] FABRIC-CI-SMOKE: startup bindings ok
[19:40:41] [main/INFO] (NekoJS-Fabric) NekoJS nekojs fabric bootstrap done (startup scripts loaded, registry drained).
[19:40:41] [main/INFO] (Minecraft) Environment: Environment[sessionHost=https://sessionserver.mojang.com, servicesHost=https://api.minecraftservices.com, profilesHost=https://api.mojang.com, name=PROD]
[19:40:41] [NekoJS-Log-Flusher/INFO] (NekoJS) [startup] Hello, World! (Loaded startup example script)
[19:40:42] [Worker-Main-1/INFO] (Minecraft) No existing world data, creating new world
[19:40:42] [main/INFO] (Minecraft) Loaded 1585 recipes
[19:40:42] [main/INFO] (Minecraft) Loaded 1688 advancements
[19:40:42] [main/INFO] (BiomeModificationImpl) Applied 0 biome modifications to 0 of 66 new biomes in 1.139 ms
[19:40:43] [Server thread/INFO] (NekoJS) 正在为 SERVER 注册 11 个事件组...
[19:40:43] [Server thread/INFO] (NekoJS) [server] 正在重载 SERVER 脚本... (x2)
[19:40:43] [Server thread/INFO] (NekoJS) [server] 发现了 2 个 SERVER 脚本。
[19:40:43] [Server thread/INFO] (NekoJS) [server] Hello, World! (Loaded server example script)
[19:40:43] [Server thread/INFO] (Minecraft) Starting minecraft server version 26.2
[19:40:43] [Server thread/INFO] (Minecraft) Loading properties
[19:40:43] [Server thread/INFO] (Minecraft) Default game type: SURVIVAL
[19:40:43] [Server thread/INFO] (Minecraft) Generating keypair
[19:40:43] [Server thread/INFO] (Minecraft) Starting Minecraft server on *:25881
[19:40:43] [Server thread/WARN] (Minecraft) **** SERVER IS RUNNING IN OFFLINE/INSECURE MODE!
[19:40:43] [Server thread/WARN] (Minecraft) The server will make no attempt to authenticate usernames. Beware.
[19:40:43] [Server thread/WARN] (Minecraft) While this makes the game possible to play without internet access, it also opens up the ability for hackers to connect with any username they choose.
[19:40:43] [Server thread/WARN] (Minecraft) To change this, set "online-mode" to "true" in the server.properties file.
[19:40:43] [Server thread/INFO] (Minecraft) Preparing level "world"
[19:40:43] [Server thread/INFO] (Minecraft) Selecting global world spawn...
[19:40:43] [NekoJS-Log-Flusher/INFO] (NekoJS) [server] SERVER 脚本重载完毕。 (x2)
[19:40:45] [Server thread/INFO] (Minecraft) Loading 0 persistent chunks...
[19:40:45] [Server thread/INFO] (Minecraft) Preparing spawn area: 100%
[19:40:45] [Server thread/INFO] (Minecraft) Time elapsed: 1661 ms
[19:40:45] [Server thread/INFO] (Minecraft) Done (1.904s)! For help, type "help"
[19:40:45] [Server thread/INFO] (Minecraft) Starting remote control listener
[19:40:45] [Server thread/INFO] (Minecraft) Thread RCON Listener started
[19:40:45] [Server thread/INFO] (Minecraft) RCON running on 0.0.0.0:25882
[19:40:45] [Server thread/INFO] (Minecraft) Saving chunks for level 'ServerLevel[world]'/minecraft:overworld
[19:40:45] [Server thread/INFO] (Minecraft) Saving chunks for level 'ServerLevel[world]'/minecraft:the_end
[19:40:45] [Server thread/INFO] (Minecraft) Saving chunks for level 'ServerLevel[world]'/minecraft:the_nether
[19:40:45] [Server thread/INFO] (Minecraft) ThreadedAnvilChunkStorage (world): All chunks are saved
[19:40:45] [Server thread/INFO] (Minecraft) ThreadedAnvilChunkStorage (DIM1): All chunks are saved
[19:40:45] [Server thread/INFO] (Minecraft) ThreadedAnvilChunkStorage (DIM-1): All chunks are saved
[19:40:45] [Server thread/INFO] (Minecraft) ThreadedAnvilChunkStorage: All dimensions are saved
[19:40:45] [Server thread/INFO] (NekoJS) [server] FABRIC-CI-SMOKE: server started
[19:40:45] [NekoJS-Log-Flusher/INFO] (NekoJS) [server] FABRIC-CI-SMOKE: spawnLightning ok, bolt=true
[19:40:47] [RCON Listener #1/INFO] (Minecraft) Thread RCON Client /127.0.0.1 started
[19:40:47] [Server thread/INFO] (Minecraft) [Rcon: Stopping the server]
[19:40:47] [RCON Client /127.0.0.1 #2/INFO] (Minecraft) Thread RCON Client /127.0.0.1 shutting down
[19:40:47] [Server thread/INFO] (Minecraft) Stopping server
[19:40:47] [Server thread/INFO] (Minecraft) Saving players
[19:40:47] [Server thread/INFO] (Minecraft) Saving worlds
[19:40:47] [Server thread/INFO] (Minecraft) Saving chunks for level 'ServerLevel[world]'/minecraft:overworld
[19:40:47] [Server thread/INFO] (Minecraft) Saving chunks for level 'ServerLevel[world]'/minecraft:the_end
[19:40:47] [Server thread/INFO] (Minecraft) Saving chunks for level 'ServerLevel[world]'/minecraft:the_nether
[19:40:47] [Server thread/INFO] (Minecraft) ThreadedAnvilChunkStorage (world): All chunks are saved
[19:40:47] [Server thread/INFO] (Minecraft) ThreadedAnvilChunkStorage (DIM1): All chunks are saved
[19:40:47] [Server thread/INFO] (Minecraft) ThreadedAnvilChunkStorage (DIM-1): All chunks are saved
[19:40:47] [Server thread/INFO] (Minecraft) ThreadedAnvilChunkStorage: All dimensions are saved
[19:40:47] [Server thread/INFO] (Minecraft) Thread RCON Listener stopped
